 READFOR

 Timestamp is 397d6c3a (Tue Jul 25 12:30:18 2000)

 Preferred load address is 10000000

 Start         Length     Name                   Class
 0001:00000000 0002bef8H .text                   CODE
 0002:00000000 00000134H .idata$5                DATA
 0002:00000138 00000c5cH .rdata                  DATA
 0002:00000d94 00000028H .idata$2                DATA
 0002:00000dbc 00000014H .idata$3                DATA
 0002:00000dd0 00000134H .idata$4                DATA
 0002:00000f04 00000576H .idata$6                DATA
 0002:00001480 0000008eH .edata                  DATA
 0003:00000000 00000004H .CRT$XCA                DATA
 0003:00000004 00000000H .CRT$XCU                DATA
 0003:00000004 00000004H .CRT$XCZ                DATA
 0003:00000008 00000004H .CRT$XIA                DATA
 0003:0000000c 00000008H .CRT$XIC                DATA
 0003:00000014 00000004H .CRT$XIZ                DATA
 0003:00000018 00000004H .CRT$XPA                DATA
 0003:0000001c 0000000cH .CRT$XPX                DATA
 0003:00000028 00000004H .CRT$XPZ                DATA
 0003:0000002c 00000004H .CRT$XTA                DATA
 0003:00000030 00000004H .CRT$XTZ                DATA
 0003:00000040 00011980H .data                   DATA
 0003:000119c0 00001a0cH .bss                    DATA

  Address         Publics by Value              Rva+Base     Lib:Object

 0001:00000000       _HEADTIME@36               10001000 f   READFOR.obj
 0001:000001a0       _READHEAD@36               100011a0 f   READFOR.obj
 0001:00000300       _CONTIME@28                10001300 f   READFOR.obj
 0001:00000530       _READCON@32                10001530 f   READFOR.obj
 0001:00000680       _f_trim                    10001680 f   fj90f:jwe_ftrm.obj
 0001:000006d0       _jwe_iocf                  100016d0 f   fj90i:jwe_iocf.obj
 0001:00002970       _jwe_isuf                  10003970 f   fj90i:jwe_isuf.obj
 0001:00002d80       _jwe_xopt                  10003d80 f   fj90i:jwe_xopt.obj
 0001:00003bd0       _jwe_xcop                  10004bd0 f   fj90i:jwe_xopt.obj
 0001:00003db0       _jwe_xrcp                  10004db0 f   fj90i:jwe_xopt.obj
 0001:00003dc0       _jwe_xalc                  10004dc0 f   fj90i:jwe_xalc.obj
 0001:00004740       _jwe_xdal                  10005740 f   fj90i:jwe_xdal.obj
 0001:00004ba0       _jwe_isui                  10005ba0 f   fj90i:jwe_isui.obj
 0001:00004cd0       _jwe_isu1                  10005cd0 f   fj90i:jwe_isui.obj
 0001:00004d80       _jwe_icui                  10005d80 f   fj90i:jwe_icui.obj
 0001:00005120       _jwe_iist                  10006120 f   fj90i:jwe_icui.obj
 0001:00005170       _jwe_xilc                  10006170 f   fj90i:jwe_xilc.obj
 0001:000051b0       _jwe_xint                  100061b0 f   fj90i:jwe_xint.obj
 0001:00005220       _jwe_ifcf                  10006220 f   fj90i:jwe_ifcf.obj
 0001:000053a0       _jwe_ifcc                  100063a0 f   fj90i:jwe_ifcc.obj
 0001:00005460       _jwe_iflc                  10006460 f   fj90i:jwe_iflc.obj
 0001:000056c0       _jwe_iflo                  100066c0 f   fj90i:jwe_iflo.obj
 0001:00005740       _jwe_ienv                  10006740 f   fj90i:jwe_ienv.obj
 0001:000058c0       _jwe_ifnc                  100068c0 f   fj90i:jwe_ifnc.obj
 0001:00005b70       _jwe_isss                  10006b70 f   fj90i:jwe_isss.obj
 0001:00005b80       _jwe_ifck                  10006b80 f   fj90i:jwe_ifck.obj
 0001:00005c50       _jwe_igfn                  10006c50 f   fj90i:jwe_igfn.obj
 0001:00005d00       _jwe_iftx                  10006d00 f   fj90i:jwe_iftx.obj
 0001:00005e30       _jwe_iumv                  10006e30 f   fj90i:jwe_iumv.obj
 0001:00007550       _jwe_iscf                  10008550 f   fj90i:jwe_iscf.obj
 0001:00008090       _jwe_iduf                  10009090 f   fj90i:jwe_iduf.obj
 0001:000083d0       _jwe_icep                  100093d0 f   fj90i:jwe_icep.obj
 0001:00008430       _jwe_icps                  10009430 f   fj90i:jwe_icps.obj
 0001:00008b90       _jwe_icpt                  10009b90 f   fj90i:jwe_icpt.obj
 0001:000092c0       _jwe_ifps                  1000a2c0 f   fj90i:jwe_ifps.obj
 0001:00009850       _jwe_xica                  1000a850 f   fj90i:jwe_xica.obj
 0001:000098a0       _jwe_eerm                  1000a8a0 f   fj90i:jwe_eerm.obj
 0001:00009d20       _jwe_iluc                  1000ad20 f   fj90i:jwe_iluc.obj
 0001:00009e40       _jwe_ioef                  1000ae40 f   fj90i:jwe_ioef.obj
 0001:00009ec0       _jwe_iosf                  1000aec0 f   fj90i:jwe_iosf.obj
 0001:0000a080       _jwe_xbfh                  1000b080 f   fj90i:jwe_xbfh.obj
 0001:0000a0a0       _jwe_xbsg                  1000b0a0 f   fj90i:jwe_xbsg.obj
 0001:0000a0f0       _jwe_xend                  1000b0f0 f   fj90i:jwe_xend.obj
 0001:0000a210       _jwe_xtim                  1000b210 f   fj90i:jwe_xtim.obj
 0001:0000a2d0       _jwe_ifss                  1000b2d0 f   fj90i:jwe_ifss.obj
 0001:0000a3d0       _jwe_icfc                  1000b3d0 f   fj90i:jwe_icfc.obj
 0001:0000a400       _jwe_xexs                  1000b400 f   fj90i:jwe_xexs.obj
 0001:0000a460       _jwe_xets                  1000b460 f   fj90i:jwe_xexs.obj
 0001:0000a670       _jwe_eset                  1000b670 f   fj90i:jwe_eset.obj
 0001:0000a680       _jwe_ifcr                  1000b680 f   fj90i:jwe_ifcr.obj
 0001:0000a710       _jwe_iefn                  1000b710 f   fj90i:jwe_iefn.obj
 0001:0000a870       _jwe_ifcl                  1000b870 f   fj90i:jwe_ifcl.obj
 0001:0000af60       _jwe_ifcs                  1000bf60 f   fj90i:jwe_ifcs.obj
 0001:0000b060       _jwe_ioec                  1000c060 f   fj90i:jwe_ioec.obj
 0001:0000b400       _jwe_ifan                  1000c400 f   fj90i:jwe_ifan.obj
 0001:0000b5c0       _jwe_irpp                  1000c5c0 f   fj90i:jwe_irpp.obj
 0001:0000bc50       _jwe_iffo                  1000cc50 f   fj90i:jwe_iffo.obj
 0001:0000c620       _jwe_iffi                  1000d620 f   fj90i:jwe_iffi.obj
 0001:0000cec0       _jwe_iflb                  1000dec0 f   fj90i:jwe_iflb.obj
 0001:0000d030       _jwe_iedp                  1000e030 f   fj90i:jwe_iedp.obj
 0001:0000d290       _jwe_ifal                  1000e290 f   fj90i:jwe_ifal.obj
 0001:0000d450       _jwe_ifch                  1000e450 f   fj90i:jwe_ifch.obj
 0001:0000d590       _jwe_idcf                  1000e590 f   fj90i:jwe_idcf.obj
 0001:0000da40       _jwe_errr                  1000ea40 f   fj90i:jwe_errr.obj
 0001:0000e280       _jwe_einf                  1000f280 f   fj90i:jwe_einf.obj
 0001:0000e5e0       _jwe_epmp                  1000f5e0 f   fj90i:jwe_eprt.obj
 0001:0000e6a0       _jwe_eprt                  1000f6a0 f   fj90i:jwe_eprt.obj
 0001:0000eb40       _jwe_etpt                  1000fb40 f   fj90i:jwe_etpt.obj
 0001:0000eb70       _jwe_eitm                  1000fb70 f   fj90i:jwe_eitm.obj
 0001:0000eba0       _jwe_xpac                  1000fba0 f   fj90i:jwe_xpac.obj
 0001:0000eda0       _jwe_iged                  1000fda0 f   fj90i:jwe_iend.obj
 0001:0000ef10       _jwe_ieed                  1000ff10 f   fj90i:jwe_iend.obj
 0001:0000efb0       _jwe_xfpe                  1000ffb0 f   fj90i:jwe_xfpe.obj
 0001:0000f060       _jwe_xsko                  10010060 f   fj90i:jwe_xsko.obj
 0001:0000f090       _jwe_xacv                  10010090 f   fj90i:jwe_xacv.obj
 0001:0000f0c0       _jwe_xacd                  100100c0 f   fj90i:jwe_xacd.obj
 0001:0000f0d0       _jwe_xesm                  100100d0 f   fj90i:jwe_xesm.obj
 0001:0000f140       _jwe_etbm                  10010140 f   fj90i:jwe_etbm.obj
 0001:00010450       _jwe_xill                  10011450 f   fj90i:jwe_xill.obj
 0001:00010480       _jwe_xrdy                  10011480 f   fj90i:jwe_xrdy.obj
 0001:00010490       _jwe_iicn                  10011490 f   fj90i:jwe_iicn.obj
 0001:00010820       _jwe_irpd                  10011820 f   fj90i:jwe_irpd.obj
 0001:00010d90       _jwe_irp1                  10011d90 f   fj90i:jwe_irpd.obj
 0001:00010e50       _jwe_irp2                  10011e50 f   fj90i:jwe_irpd.obj
 0001:00011040       _jwe_ifop                  10012040 f   fj90i:jwe_ifop.obj
 0001:00011e00       _jwe_emsg                  10012e00 f   fj90i:jwe_emsg.obj
 0001:00012dc0       _jwe_ecnv                  10013dc0 f   fj90i:jwe_ecnv.obj
 0001:00012ef0       _jwe_egtb                  10013ef0 f   fj90i:jwe_ertb.obj
 0001:00012f00       _jwe_ebtl                  10013f00 f   fj90i:jwe_ertb.obj
 0001:00012f10       _jwe_xtyp                  10013f10 f   fj90i:jwe_xtyp.obj
 0001:000131b0       _jwe_itpt                  100141b0 f   fj90i:jwe_itpt.obj
 0001:00013250       _jwe_etbl                  10014250 f   fj90i:jwe_etbl.obj
 0001:00013280       _jwe_etbe                  10014280 f   fj90i:jwe_etbe.obj
 0001:00013370       _jwe_etbn                  10014370 f   fj90i:jwe_etbn.obj
 0001:00013490       _jwe_etbg                  10014490 f   fj90i:jwe_etbg.obj
 0001:00013600       _jwe_etbs_dll              10014600 f   fj90i:jwe_etbs.obj
 0001:00013970       _jwe_etbs                  10014970 f   fj90i:jwe_etbs.obj
 0001:00013d10       _jwe_idpa                  10014d10 f   fj90i:jwe_idpa.obj
 0001:00014470       _jwe_idpb                  10015470 f   fj90i:jwe_idpa.obj
 0001:00014570       _jwe_idpe                  10015570 f   fj90i:jwe_idpa.obj
 0001:00014640       _jwe_idga                  10015640 f   fj90i:jwe_idga.obj
 0001:00014b30       _jwe_idpt                  10015b30 f   fj90i:jwe_idpt.obj
 0001:00015160       _jwe_idft                  10016160 f   fj90i:jwe_idpt.obj
 0001:00015230       _jwe_ipid                  10016230 f   fj90i:jwe_ipid.obj
 0001:000152c0       _jwe_idgt                  100162c0 f   fj90i:jwe_idgt.obj
 0001:00015660       _jwe_iupd                  10016660 f   fj90i:jwe_iupd.obj
 0001:00015ad0       _jwe_iugd                  10016ad0 f   fj90i:jwe_iugd.obj
 0001:00015ed0       _jwe_ibpd                  10016ed0 f   fj90i:jwe_ibpd.obj
 0001:000160d0       _jwe_ibgd                  100170d0 f   fj90i:jwe_ibgd.obj
 0001:00016260       _jwe_icpf                  10017260 f   fj90i:jwe_icpf.obj
 0001:000170e0       _jwe_ifgs                  100180e0 f   fj90i:jwe_ifgs.obj
 0001:00017290       _jwe_ipsd                  10018290 f   fj90i:jwe_ipsd.obj
 0001:00017870       _jwe_itsn                  10018870 f   fj90i:jwe_itsn.obj
 0001:00017950       _jwe_igsd                  10018950 f   fj90i:jwe_igsd.obj
 0001:00017ae0       _jwe_itsd                  10018ae0 f   fj90i:jwe_itsd.obj
 0001:00017be0       _jwe_issd                  10018be0 f   fj90i:jwe_issd.obj
 0001:00017c40       _jwe_irsd                  10018c40 f   fj90i:jwe_irsd.obj
 0001:00017c90       _jwe_ibsd                  10018c90 f   fj90i:jwe_ibsd.obj
 0001:00017e80       _jwe_ifpf                  10018e80 f   fj90i:jwe_ifpf.obj
 0001:00018740       _jwe_ifpa                  10019740 f   fj90i:jwe_ifpa.obj
 0001:00018800       _jwe_ifgf                  10019800 f   fj90i:jwe_ifgf.obj
 0001:00018e20       _jwe_ifga                  10019e20 f   fj90i:jwe_ifga.obj
 0001:00018ee0       _jwe_ipfd                  10019ee0 f   fj90i:jwe_ipfd.obj
 0001:000196d0       _jwe_ipad                  1001a6d0 f   fj90i:jwe_ipad.obj
 0001:00019790       _jwe_itfn                  1001a790 f   fj90i:jwe_itfn.obj
 0001:00019950       _jwe_iifd                  1001a950 f   fj90i:jwe_iifd.obj
 0001:00019bb0       _jwe_igfd                  1001abb0 f   fj90i:jwe_igfd.obj
 0001:00019d70       _jwe_itfd                  1001ad70 f   fj90i:jwe_itfd.obj
 0001:00019fb0       _jwe_isfd                  1001afb0 f   fj90i:jwe_isfd.obj
 0001:0001a050       _jwe_irfd                  1001b050 f   fj90i:jwe_irfd.obj
 0001:0001a0d0       _jwe_ibfd                  1001b0d0 f   fj90i:jwe_ibfd.obj
 0001:0001a6f0       _jwe_etxt                  1001b6f0 f   fj90i:jwe_etxt.obj
 0001:0001a750       _jwe_iedo                  1001b750 f   fj90i:jwe_iedo.obj
 0001:0001d8a0       _jwe_xarg                  1001e8a0 f   fj90i:jwe_xarg.obj
 0001:0001d9e0       _jwe_etbf                  1001e9e0 f   fj90i:jwe_etbf.obj
 0001:0001dde0       _jwe_emso                  1001ede0 f   fj90i:jwe_emso.obj
 0001:0001ddf0       _jwe_emss                  1001edf0 f   fj90i:jwe_emss.obj
 0001:0001de00       _jwe_emsf                  1001ee00 f   fj90i:jwe_emsf.obj
 0001:0001de10       _jwe_emsi                  1001ee10 f   fj90i:jwe_emsi.obj
 0001:0001de20       _jwe_emsx                  1001ee20 f   fj90i:jwe_emsx.obj
 0001:0001de30       _jwe_ems5                  1001ee30 f   fj90i:jwe_ems5.obj
 0001:0001de40       _jwe_ems4                  1001ee40 f   fj90i:jwe_ems4.obj
 0001:0001de50       _jwe_ems3                  1001ee50 f   fj90i:jwe_ems3.obj
 0001:0001de60       _jwe_ems2                  1001ee60 f   fj90i:jwe_ems2.obj
 0001:0001de70       _jwe_ems1                  1001ee70 f   fj90i:jwe_ems1.obj
 0001:0001de80       _jwe_iric                  1001ee80 f   fj90i:jwe_irio.obj
 0001:0001ec90       _jwe_iroc                  1001fc90 f   fj90i:jwe_irio.obj
 0001:00020630       _jwe_icbd                  10021630 f   fj90i:jwe_icbd.obj
 0001:00020750       _jwe_ibtd                  10021750 f   fj90i:jwe_ibtd.obj
 0001:00020b00       _jwe_ibtr                  10021b00 f   fj90i:jwe_ibtr.obj
 0001:00020cf0       _jwe_ijdj                  10021cf0 f   fj90i:jwe_ijdj.obj
 0001:00020f90       _jwe_imdj                  10021f90 f   fj90i:jwe_imdj.obj
 0001:00020fe0       _jwe_ijad                  10021fe0 f   fj90i:jwe_ijad.obj
 0001:00021060       _jwe_ijsb                  10022060 f   fj90i:jwe_ijsb.obj
 0001:000210d0       _jwe_ijmj                  100220d0 f   fj90i:jwe_ijmj.obj
 0001:00021230       __alloca_probe             10022230 f   libc:chkstk.obj
 0001:00021230       __chkstk                   10022230 f   libc:chkstk.obj
 0001:0002125f       __CRT_INIT@12              1002225f f   libc:dllcrt0.obj
 0001:00021317       __DllMainCRTStartup@12     10022317 f   libc:dllcrt0.obj
 0001:000213b4       __amsg_exit                100223b4 f   libc:dllcrt0.obj
 0001:000213e7       _getenv                    100223e7 f   libc:getenv.obj
 0001:00021464       __isctype                  10022464 f   libc:isctype.obj
 0001:000214d9       __statusfp                 100224d9 f   libc:ieee87.obj
 0001:000214ec       __clearfp                  100224ec f   libc:ieee87.obj
 0001:00021500       __control87                10022500 f   libc:ieee87.obj
 0001:00021535       __controlfp                10022535 f   libc:ieee87.obj
 0001:0002154b       __fpreset                  1002254b f   libc:ieee87.obj
 0001:000216c5       ___initstdio               100226c5 f   libc:_file.obj
 0001:0002176a       ___endstdio                1002276a f   libc:_file.obj
 0001:0002177e       _sprintf                   1002277e f   libc:sprintf.obj
 0001:000217d0       __tolower                  100227d0 f   libc:tolower.obj
 0001:000217d8       _tolower                   100227d8 f   libc:tolower.obj
 0001:000218a3       _fgets                     100228a3 f   libc:fgets.obj
 0001:000218fa       _printf                    100228fa f   libc:printf.obj
 0001:0002192b       _fputc                     1002292b f   libc:fputc.obj
 0001:0002194f       _putc                      1002294f f   libc:fputc.obj
 0001:0002195f       _fwrite                    1002295f f   libc:fwrite.obj
 0001:00021a70       _memmove                   10022a70 f   libc:memmove.obj
 0001:00021da5       _fseek                     10022da5 f   libc:fseek.obj
 0001:00021e31       _calloc                    10022e31 f   libc:calloc.obj
 0001:00021eae       _free                      10022eae f   libc:free.obj
 0001:00021edd       _malloc                    10022edd f   libc:malloc.obj
 0001:00021eef       __nh_malloc                10022eef f   libc:malloc.obj
 0001:00021f1b       __heap_alloc               10022f1b f   libc:malloc.obj
 0001:00021f51       _abort                     10022f51 f   libc:abort.obj
 0001:00021f68       __cinit                    10022f68 f   libc:crt0dat.obj
 0001:00021f95       _exit                      10022f95 f   libc:crt0dat.obj
 0001:00021fa6       __exit                     10022fa6 f   libc:crt0dat.obj
 0001:00021fb7       __cexit                    10022fb7 f   libc:crt0dat.obj
 0001:00021fc6       __c_exit                   10022fc6 f   libc:crt0dat.obj
 0001:00022088       __fpmath                   10023088 f   libc:fpinit.obj
 0001:0002209f       __fpclear                  1002309f f   libc:fpinit.obj
 0001:000220a0       __cfltcvt_init             100230a0 f   libc:fpinit.obj
 0001:000220d8       ___setfflag                100230d8 f   libc:fpinit.obj
 0001:000220e8       _fclose                    100230e8 f   libc:fclose.obj
 0001:0002213e       _strerror                  1002313e f   libc:strerror.obj
 0001:0002216a       _fputs                     1002316a f   libc:fputs.obj
 0001:000221ad       __fsopen                   100231ad f   libc:fopen.obj
 0001:000221cd       _fopen                     100231cd f   libc:fopen.obj
 0001:000221e0       _strncmp                   100231e0 f   libc:strncmp.obj
 0001:00022218       _ftell                     10023218 f   libc:ftell.obj
 0001:00022370       _atol                      10023370 f   libc:atox.obj
 0001:000223fb       _atoi                      100233fb f   libc:atox.obj
 0001:00022406       __atoi64                   10023406 f   libc:atox.obj
 0001:000224c0       _setvbuf                   100234c0 f   libc:setvbuf.obj
 0001:00022561       _fflush                    10023561 f   libc:fflush.obj
 0001:0002259c       __flush                    1002359c f   libc:fflush.obj
 0001:000225f8       __flushall                 100235f8 f   libc:fflush.obj
 0001:0002266e       _isalpha                   1002366e f   libc:_ctype.obj
 0001:0002269c       _isupper                   1002369c f   libc:_ctype.obj
 0001:000226c4       _islower                   100236c4 f   libc:_ctype.obj
 0001:000226ec       _isdigit                   100236ec f   libc:_ctype.obj
 0001:00022714       _isxdigit                  10023714 f   libc:_ctype.obj
 0001:00022741       _isspace                   10023741 f   libc:_ctype.obj
 0001:00022769       _ispunct                   10023769 f   libc:_ctype.obj
 0001:00022791       _isalnum                   10023791 f   libc:_ctype.obj
 0001:000227bf       _isprint                   100237bf f   libc:_ctype.obj
 0001:000227ed       _isgraph                   100237ed f   libc:_ctype.obj
 0001:0002281b       _iscntrl                   1002381b f   libc:_ctype.obj
 0001:00022843       ___isascii                 10023843 f   libc:_ctype.obj
 0001:00022850       ___toascii                 10023850 f   libc:_ctype.obj
 0001:00022858       ___iscsymf                 10023858 f   libc:_ctype.obj
 0001:00022895       ___iscsym                  10023895 f   libc:_ctype.obj
 0001:000228d2       __toupper                  100238d2 f   libc:toupper.obj
 0001:000228da       _toupper                   100238da f   libc:toupper.obj
 0001:000229b0       _strncat                   100239b0 f   libc:strncat.obj
 0001:00022ad3       __flsbuf                   10023ad3 f   libc:_flsbuf.obj
 0001:00022be8       _clearerr                  10023be8 f   libc:clearerr.obj
 0001:00022c16       _rewind                    10023c16 f   libc:rewind.obj
 0001:00022c6a       _fread                     10023c6a f   libc:fread.obj
 0001:00022d52       _realloc                   10023d52 f   libc:realloc.obj
 0001:00022e74       __ftol                     10023e74 f   libc:ftol.obj
 0001:00022e9b       __heap_init                10023e9b f   libc:heapinit.obj
 0001:00022ed7       __heap_term                10023ed7 f   libc:heapinit.obj
 0001:00022f4c       __ioinit                   10023f4c f   libc:ioinit.obj
 0001:000230f7       __ioterm                   100240f7 f   libc:ioinit.obj
 0001:0002311a       __setenvp                  1002411a f   libc:stdenvp.obj
 0001:000231d3       __setargv                  100241d3 f   libc:stdargv.obj
 0001:00023420       ___crtGetEnvironmentStringsA 10024420 f   libc:a_env.obj
 0001:00023552       _DllMain@12                10024552 f   libc:dllmain.obj
 0001:00023572       __FF_MSGBANNER             10024572 f   libc:crt0msg.obj
 0001:000235ab       __NMSG_WRITE               100245ab f   libc:crt0msg.obj
 0001:000236fe       __GET_RTERRMSG             100246fe f   libc:crt0msg.obj
 0001:0002372f       __mbsnbicoll               1002472f f   libc:mbsnbico.obj
 0001:00023770       _strlen                    10024770 f   libc:strlen.obj
 0001:000237eb       ___wtomb_environ           100247eb f   libc:wtombenv.obj
 0001:00023859       ___crtGetStringTypeA       10024859 f   libc:a_str.obj
 0001:000239a2       __setdefaultprecision      100249a2 f   libc:fp8.obj
 0001:000239b4       __XcptFilter               100249b4 f   libc:winxfltr.obj
 0001:00023b38       __fcloseall                10024b38 f   libc:closeall.obj
 0001:00023b90       __output                   10024b90 f   libc:output.obj
 0001:0002439a       ___crtLCMapStringA         1002539a f   libc:a_map.obj
 0001:000245e9       __filbuf                   100255e9 f   libc:_filbuf.obj
 0001:000246c2       __stbuf                    100256c2 f   libc:_sftbuf.obj
 0001:0002474f       __ftbuf                    1002574f f   libc:_sftbuf.obj
 0001:0002478c       __write                    1002578c f   libc:write.obj
 0001:0002478c       _write                     1002578c f   libc:write.obj
 0001:00024940       _memcpy                    10025940 f   libc:memcpy.obj
 0001:00024c75       __lseek                    10025c75 f   libc:lseek.obj
 0001:00024c75       _lseek                     10025c75 f   libc:lseek.obj
 0001:00024d10       _memset                    10025d10 f   libc:memset.obj
 0001:00024d68       ?_set_new_handler@@YAP6AHI@ZP6AHI@Z@Z 10025d68 f   libc:handler.obj
 0001:00024d78       ?_query_new_handler@@YAP6AHI@ZXZ 10025d78 f   libc:handler.obj
 0001:00024d7e       __callnewh                 10025d7e f   libc:handler.obj
 0001:00024d99       __get_sbh_threshold        10025d99 f   libc:sbheap.obj
 0001:00024d9f       __set_sbh_threshold        10025d9f f   libc:sbheap.obj
 0001:00024db6       ___sbh_heap_init           10025db6 f   libc:sbheap.obj
 0001:00024df4       ___sbh_find_block          10025df4 f   libc:sbheap.obj
 0001:00024e1f       ___sbh_free_block          10025e1f f   libc:sbheap.obj
 0001:0002514a       ___sbh_alloc_block         1002614a f   libc:sbheap.obj
 0001:00025453       ___sbh_alloc_new_region    10026453 f   libc:sbheap.obj
 0001:00025504       ___sbh_alloc_new_group     10026504 f   libc:sbheap.obj
 0001:000255ff       ___sbh_resize_block        100265ff f   libc:sbheap.obj
 0001:000258f5       ___sbh_heapmin             100268f5 f   libc:sbheap.obj
 0001:000259c6       ___sbh_heap_check          100269c6 f   libc:sbheap.obj
 0001:00025cf5       _signal                    10026cf5 f   libc:winsig.obj
 0001:00025e39       _raise                     10026e39 f   libc:winsig.obj
 0001:00025fab       __ms_p5_test_fdiv          10026fab f   libc:testfdiv.obj
 0001:00025fe9       __ms_p5_mp_test_fdiv       10026fe9 f   libc:testfdiv.obj
 0001:00026012       __forcdecpt                10027012 f   libc:cvt.obj
 0001:0002606c       __cropzeros                1002706c f   libc:cvt.obj
 0001:000260ba       __positive                 100270ba f   libc:cvt.obj
 0001:000260d2       __fassign                  100270d2 f   libc:cvt.obj
 0001:00026110       __cftoe                    10027110 f   libc:cvt.obj
 0001:00026214       __cftof                    10027214 f   libc:cvt.obj
 0001:000262f2       __cftog                    100272f2 f   libc:cvt.obj
 0001:000263d7       __cfltcvt                  100273d7 f   libc:cvt.obj
 0001:0002644d       __close                    1002744d f   libc:close.obj
 0001:0002644d       _close                     1002744d f   libc:close.obj
 0001:00026500       __freebuf                  10027500 f   libc:_freebuf.obj
 0001:00026530       _strcpy                    10027530 f   libc:strcat.obj
 0001:00026540       _strcat                    10027540 f   libc:strcat.obj
 0001:00026620       __openfile                 10027620 f   libc:_open.obj
 0001:00026790       __getstream                10027790 f   libc:stream.obj
 0001:00026810       __allmul                   10027810 f   libc:llmul.obj
 0001:00026844       __commit                   10027844 f   libc:commit.obj
 0001:0002689b       __getbuf                   1002789b f   libc:_getbuf.obj
 0001:000268df       _isatty                    100278df f   libc:isatty.obj
 0001:000268df       __isatty                   100278df f   libc:isatty.obj
 0001:00026905       __read                     10027905 f   libc:read.obj
 0001:00026905       _read                      10027905 f   libc:read.obj
 0001:00026afb       __setmbcp                  10027afb f   libc:mbctype.obj
 0001:00026ebf       __getmbcp                  10027ebf f   libc:mbctype.obj
 0001:00026ecf       ___initmbctable            10027ecf f   libc:mbctype.obj
 0001:00026eeb       ___crtMessageBoxA          10027eeb f   libc:crtmbox.obj
 0001:00026f80       _strncpy                   10027f80 f   libc:strncpy.obj
 0001:0002707e       ___crtCompareStringA       1002807e f   libc:a_cmp.obj
 0001:00027326       ___crtsetenv               10028326 f   libc:setenv.obj
 0001:0002756c       __global_unwind2           1002856c f   libc:exsup.obj
 0001:000275ae       __local_unwind2            100285ae f   libc:exsup.obj
 0001:00027606       __NLG_Return2              10028606 f   libc:exsup.obj
 0001:00027616       __abnormal_termination     10028616 f   libc:exsup.obj
 0001:00027639       __NLG_Notify1              10028639 f   libc:exsup.obj
 0001:00027642       __NLG_Notify               10028642 f   libc:exsup.obj
 0001:00027655       __NLG_Dispatch             10028655 f   libc:exsup.obj
 0001:00027664       __except_handler3          10028664 f   libc:exsup3.obj
 0001:00027721       __seh_longjmp_unwind@4     10028721 f   libc:exsup3.obj
 0001:0002773c       _wctomb                    1002873c f   libc:wctomb.obj
 0001:000277b0       __aulldiv                  100287b0 f   libc:ulldiv.obj
 0001:00027820       __aullrem                  10028820 f   libc:ullrem.obj
 0001:00027895       __dosmaperr                10028895 f   libc:dosmap.obj
 0001:000278fc       __alloc_osfhnd             100288fc f   libc:osfinfo.obj
 0001:00027991       __set_osfhnd               10028991 f   libc:osfinfo.obj
 0001:00027a08       __free_osfhnd              10028a08 f   libc:osfinfo.obj
 0001:00027a82       __get_osfhandle            10028a82 f   libc:osfinfo.obj
 0001:00027abf       __open_osfhandle           10028abf f   libc:osfinfo.obj
 0001:00027b5c       __ZeroTail                 10028b5c f   libc:intrncvt.obj
 0001:00027ba5       __IncMan                   10028ba5 f   libc:intrncvt.obj
 0001:00027bfb       __RoundMan                 10028bfb f   libc:intrncvt.obj
 0001:00027c87       __CopyMan                  10028c87 f   libc:intrncvt.obj
 0001:00027ca2       __FillZeroMan              10028ca2 f   libc:intrncvt.obj
 0001:00027cae       __IsZeroMan                10028cae f   libc:intrncvt.obj
 0001:00027cc9       __ShrMan                   10028cc9 f   libc:intrncvt.obj
 0001:00027d56       __ld12cvt                  10028d56 f   libc:intrncvt.obj
 0001:00027ec2       __ld12tod                  10028ec2 f   libc:intrncvt.obj
 0001:00027ed8       __ld12tof                  10028ed8 f   libc:intrncvt.obj
 0001:00027eee       __ld12told                 10028eee f   libc:intrncvt.obj
 0001:00027f68       __atodbl                   10028f68 f   libc:intrncvt.obj
 0001:00027f95       __atoldbl                  10028f95 f   libc:intrncvt.obj
 0001:00027fc3       __atoflt                   10028fc3 f   libc:intrncvt.obj
 0001:00027ff0       __fptostr                  10028ff0 f   libc:_fptostr.obj
 0001:00028067       __fltout                   10029067 f   libc:cfout.obj
 0001:000280cb       ___dtold                   100290cb f   libc:cfout.obj
 0001:00028181       __fptrap                   10029181 f   libc:crt0fp.obj
 0001:0002818a       _open                      1002918a f   libc:open.obj
 0001:0002818a       __open                     1002918a f   libc:open.obj
 0001:000281a1       __sopen                    100291a1 f   libc:open.obj
 0001:0002845a       __mbschr                   1002945a f   libc:mbschr.obj
 0001:000284cd       __strdup                   100294cd f   libc:strdup.obj
 0001:000284f8       ___addl                    100294f8 f   libc:mantold.obj
 0001:00028519       ___add_12                  10029519 f   libc:mantold.obj
 0001:00028577       ___shl_12                  10029577 f   libc:mantold.obj
 0001:000285a5       ___shr_12                  100295a5 f   libc:mantold.obj
 0001:000285d2       ___mtold12                 100295d2 f   libc:mantold.obj
 0001:00028699       ___strgtold12              10029699 f   libc:strgtold.obj
 0001:00028b6a       ___STRINGTOLD              10029b6a f   libc:strgtold.obj
 0001:00028ba6       _$I10_OUTPUT               10029ba6 f   libc:x10fout.obj
 0001:00028e39       __chsize                   10029e39 f   libc:chsize.obj
 0001:00028f90       _strchr                    10029f90 f   libc:strchr.obj
 0001:00028f96       ___from_strstr_to_strchr   10029f96 f   libc:strchr.obj
 0001:0002904c       ___ld12mul                 1002a04c f   libc:tenpow.obj
 0001:0002926c       ___multtenpow12            1002a26c f   libc:tenpow.obj
 0001:000292e8       __setmode                  1002a2e8 f   libc:setmode.obj
 0001:0002935e       _MessageBoxA@16            1002a35e f   user32:USER32.dll
 0001:00029370       _GetCommandLineA@0         1002a370 f   kernel32:KERNEL32.dll
 0001:00029376       _AllocConsole@0            1002a376 f   kernel32:KERNEL32.dll
 0001:0002937c       _GetStdHandle@4            1002a37c f   kernel32:KERNEL32.dll
 0001:00029382       _QueryPerformanceCounter@4 1002a382 f   kernel32:KERNEL32.dll
 0001:00029388       _QueryPerformanceFrequency@4 1002a388 f   kernel32:KERNEL32.dll
 0001:0002938e       _GetVersionExA@4           1002a38e f   kernel32:KERNEL32.dll
 0001:00029394       _IsBadReadPtr@8            1002a394 f   kernel32:KERNEL32.dll
 0001:0002939a       _UnmapViewOfFile@4         1002a39a f   kernel32:KERNEL32.dll
 0001:000293a0       _MapViewOfFile@20          1002a3a0 f   kernel32:KERNEL32.dll
 0001:000293a6       _CloseHandle@4             1002a3a6 f   kernel32:KERNEL32.dll
 0001:000293ac       _CreateFileMappingA@24     1002a3ac f   kernel32:KERNEL32.dll
 0001:000293b2       _CreateFileA@28            1002a3b2 f   kernel32:KERNEL32.dll
 0001:000293b8       _SearchPathA@24            1002a3b8 f   kernel32:KERNEL32.dll
 0001:000293be       _LoadLibraryExA@12         1002a3be f   kernel32:KERNEL32.dll
 0001:000293c4       _GetVersion@0              1002a3c4 f   kernel32:KERNEL32.dll
 0001:000293ca       _HeapAlloc@12              1002a3ca f   kernel32:KERNEL32.dll
 0001:000293d0       _HeapFree@12               1002a3d0 f   kernel32:KERNEL32.dll
 0001:000293d6       _ExitProcess@4             1002a3d6 f   kernel32:KERNEL32.dll
 0001:000293dc       _TerminateProcess@8        1002a3dc f   kernel32:KERNEL32.dll
 0001:000293e2       _GetCurrentProcess@0       1002a3e2 f   kernel32:KERNEL32.dll
 0001:000293e8       _HeapReAlloc@16            1002a3e8 f   kernel32:KERNEL32.dll
 0001:000293ee       _HeapDestroy@4             1002a3ee f   kernel32:KERNEL32.dll
 0001:000293f4       _HeapCreate@12             1002a3f4 f   kernel32:KERNEL32.dll
 0001:000293fa       _VirtualFree@12            1002a3fa f   kernel32:KERNEL32.dll
 0001:00029400       _SetHandleCount@4          1002a400 f   kernel32:KERNEL32.dll
 0001:00029406       _GetFileType@4             1002a406 f   kernel32:KERNEL32.dll
 0001:0002940c       _GetStartupInfoA@4         1002a40c f   kernel32:KERNEL32.dll
 0001:00029412       _GetModuleFileNameA@12     1002a412 f   kernel32:KERNEL32.dll
 0001:00029418       _FreeEnvironmentStringsA@4 1002a418 f   kernel32:KERNEL32.dll
 0001:0002941e       _FreeEnvironmentStringsW@4 1002a41e f   kernel32:KERNEL32.dll
 0001:00029424       _WideCharToMultiByte@32    1002a424 f   kernel32:KERNEL32.dll
 0001:0002942a       _GetEnvironmentStrings@0   1002a42a f   kernel32:KERNEL32.dll
 0001:00029430       _GetEnvironmentStringsW@0  1002a430 f   kernel32:KERNEL32.dll
 0001:00029436       _DisableThreadLibraryCalls@4 1002a436 f   kernel32:KERNEL32.dll
 0001:0002943c       _WriteFile@20              1002a43c f   kernel32:KERNEL32.dll
 0001:00029442       _MultiByteToWideChar@24    1002a442 f   kernel32:KERNEL32.dll
 0001:00029448       _GetStringTypeA@20         1002a448 f   kernel32:KERNEL32.dll
 0001:0002944e       _GetStringTypeW@16         1002a44e f   kernel32:KERNEL32.dll
 0001:00029454       _UnhandledExceptionFilter@4 1002a454 f   kernel32:KERNEL32.dll
 0001:0002945a       _LCMapStringA@24           1002a45a f   kernel32:KERNEL32.dll
 0001:00029460       _LCMapStringW@24           1002a460 f   kernel32:KERNEL32.dll
 0001:00029466       _GetLastError@0            1002a466 f   kernel32:KERNEL32.dll
 0001:0002946c       _SetFilePointer@16         1002a46c f   kernel32:KERNEL32.dll
 0001:00029472       _VirtualAlloc@16           1002a472 f   kernel32:KERNEL32.dll
 0001:00029478       _IsBadWritePtr@8           1002a478 f   kernel32:KERNEL32.dll
 0001:0002947e       _SetConsoleCtrlHandler@8   1002a47e f   kernel32:KERNEL32.dll
 0001:00029484       _GetProcAddress@8          1002a484 f   kernel32:KERNEL32.dll
 0001:0002948a       _GetModuleHandleA@4        1002a48a f   kernel32:KERNEL32.dll
 0001:00029490       _FlushFileBuffers@4        1002a490 f   kernel32:KERNEL32.dll
 0001:00029496       _ReadFile@20               1002a496 f   kernel32:KERNEL32.dll
 0001:0002949c       _GetCPInfo@8               1002a49c f   kernel32:KERNEL32.dll
 0001:000294a2       _GetACP@0                  1002a4a2 f   kernel32:KERNEL32.dll
 0001:000294a8       _GetOEMCP@0                1002a4a8 f   kernel32:KERNEL32.dll
 0001:000294ae       _LoadLibraryA@4            1002a4ae f   kernel32:KERNEL32.dll
 0001:000294b4       _CompareStringA@24         1002a4b4 f   kernel32:KERNEL32.dll
 0001:000294ba       _CompareStringW@24         1002a4ba f   kernel32:KERNEL32.dll
 0001:000294c0       _SetEnvironmentVariableA@8 1002a4c0 f   kernel32:KERNEL32.dll
 0001:000294c6       _RtlUnwind@16              1002a4c6 f   kernel32:KERNEL32.dll
 0001:000294cc       _SetStdHandle@8            1002a4cc f   kernel32:KERNEL32.dll
 0001:000294d2       _SetEndOfFile@4            1002a4d2 f   kernel32:KERNEL32.dll
 0001:000294e0       _jwe_fjci                  1002a4e0 f   fj90f:jwe_fjci.obj
 0001:00029510       _jwe_fjcv                  1002a510 f   fj90f:jwe_fjcv.obj
 0001:00029540       _jwe_fvav                  1002a540 f   fj90f:jwe_fu8f.obj
 0001:00029590       _jwe_fumu                  1002a590 f   fj90f:jwe_fu8f.obj
 0001:00029620       _jwe_fvvv                  1002a620 f   fj90f:jwe_fu8f.obj
 0001:00029670       _jwe_fjdu                  1002a670 f   fj90f:jwe_fjdu.obj
 0001:00029810       _f_a8sb                    1002a810 f   fj90f:jwe_fjsb.obj
 0001:00029930       _jwe_fnzb                  1002a930 f   fj90f:jwe_fnzb.obj
 0001:00029a70       _g_dbleq                   1002aa70 f   fj90g:jwe_gdbq.obj
 0001:00029c60       _g_aqcj                    1002ac60 f   fj90g:jwe_gqcj.obj
 0001:00029df0       _fileno                    1002adf0 f   libc:fileno.obj
 0001:00029df0       __fileno                   1002adf0 f   libc:fileno.obj
 0001:00029df8       ___dtoxmode                1002adf8 f   libc:stat.obj
 0001:00029eb0       __stat                     1002aeb0 f   libc:stat.obj
 0001:00029eb0       _stat                      1002aeb0 f   libc:stat.obj
 0001:0002a1d3       __getcwd                   1002b1d3 f   libc:getcwd.obj
 0001:0002a1d3       _getcwd                    1002b1d3 f   libc:getcwd.obj
 0001:0002a1e6       __getdcwd                  1002b1e6 f   libc:getcwd.obj
 0001:0002a2b7       __validdrive               1002b2b7 f   libc:getcwd.obj
 0001:0002a2ee       __fstat                    1002b2ee f   libc:fstat.obj
 0001:0002a2ee       _fstat                     1002b2ee f   libc:fstat.obj
 0001:0002a566       _tempnam                   1002b566 f   libc:tempnam.obj
 0001:0002a566       __tempnam                  1002b566 f   libc:tempnam.obj
 0001:0002a74d       _remove                    1002b74d f   libc:unlink.obj
 0001:0002a777       __unlink                   1002b777 f   libc:unlink.obj
 0001:0002a777       _unlink                    1002b777 f   libc:unlink.obj
 0001:0002a782       _cprintf                   1002b782 f   libc:cprintf.obj
 0001:0002a782       __cprintf                  1002b782 f   libc:cprintf.obj
 0001:0002af70       __strnicmp                 1002bf70 f   libc:strnicmp.obj
 0001:0002af70       _strnicmp                  1002bf70 f   libc:strnicmp.obj
 0001:0002b01d       __mbsicmp                  1002c01d f   libc:mbsicmp.obj
 0001:0002b18b       __mbsrchr                  1002c18b f   libc:mbsrchr.obj
 0001:0002b1eb       ___loctotime_t             1002c1eb f   libc:dtoxtime.obj
 0001:0002b2ad       __fullpath                 1002c2ad f   libc:fullpath.obj
 0001:0002b350       __getdrive                 1002c350 f   libc:drive.obj
 0001:0002b393       __chdrive                  1002c393 f   libc:drive.obj
 0001:0002b3ea       __mbctolower               1002c3ea f   libc:mbtolwr.obj
 0001:0002b465       __mbspbrk                  1002c465 f   libc:mbspbrk.obj
 0001:0002b4ea       __itoa                     1002c4ea f   libc:xtoa.obj
 0001:0002b573       __ltoa                     1002c573 f   libc:xtoa.obj
 0001:0002b59d       __ultoa                    1002c59d f   libc:xtoa.obj
 0001:0002b5b8       __i64toa                   1002c5b8 f   libc:xtoa.obj
 0001:0002b66f       __ui64toa                  1002c66f f   libc:xtoa.obj
 0001:0002b68a       __rmtmp                    1002c68a f   libc:rmtmp.obj
 0001:0002b6c6       __access                   1002c6c6 f   libc:access.obj
 0001:0002b70a       __putch                    1002c70a f   libc:putch.obj
 0001:0002b750       __stricmp                  1002c750 f   libc:stricmp.obj
 0001:0002b750       __strcmpi                  1002c750 f   libc:stricmp.obj
 0001:0002b7e0       _strrchr                   1002c7e0 f   libc:strrchr.obj
 0001:0002b807       ___tzset                   1002c807 f   libc:tzset.obj
 0001:0002b81c       __tzset                    1002c81c f   libc:tzset.obj
 0001:0002ba7a       __isindst                  1002ca7a f   libc:tzset.obj
 0001:0002bd70       _strpbrk                   1002cd70 f   libc:strpbrk.obj
 0001:0002bdaa       ___initconin               1002cdaa f   libc:initcon.obj
 0001:0002bdc9       ___initconout              1002cdc9 f   libc:initcon.obj
 0001:0002bde8       ___termcon                 1002cde8 f   libc:initcon.obj
 0001:0002be20       _strcmp                    1002ce20 f   libc:strcmp.obj
 0001:0002bea4       _FindClose@4               1002cea4 f   kernel32:KERNEL32.dll
 0001:0002beaa       _FileTimeToSystemTime@8    1002ceaa f   kernel32:KERNEL32.dll
 0001:0002beb0       _FileTimeToLocalFileTime@8 1002ceb0 f   kernel32:KERNEL32.dll
 0001:0002beb6       _GetDriveTypeA@4           1002ceb6 f   kernel32:KERNEL32.dll
 0001:0002bebc       _FindFirstFileA@8          1002cebc f   kernel32:KERNEL32.dll
 0001:0002bec2       _GetCurrentDirectoryA@8    1002cec2 f   kernel32:KERNEL32.dll
 0001:0002bec8       _GetFullPathNameA@16       1002cec8 f   kernel32:KERNEL32.dll
 0001:0002bece       _GetFileInformationByHandle@8 1002cece f   kernel32:KERNEL32.dll
 0001:0002bed4       _PeekNamedPipe@24          1002ced4 f   kernel32:KERNEL32.dll
 0001:0002beda       _DeleteFileA@4             1002ceda f   kernel32:KERNEL32.dll
 0001:0002bee0       _SetCurrentDirectoryA@4    1002cee0 f   kernel32:KERNEL32.dll
 0001:0002bee6       _GetFileAttributesA@4      1002cee6 f   kernel32:KERNEL32.dll
 0001:0002beec       _WriteConsoleA@20          1002ceec f   kernel32:KERNEL32.dll
 0001:0002bef2       _GetTimeZoneInformation@4  1002cef2 f   kernel32:KERNEL32.dll
 0002:00000000       __imp__GetStringTypeA@20   1002d000     kernel32:KERNEL32.dll
 0002:00000004       __imp__GetStringTypeW@16   1002d004     kernel32:KERNEL32.dll
 0002:00000008       __imp__GetCommandLineA@0   1002d008     kernel32:KERNEL32.dll
 0002:0000000c       __imp__AllocConsole@0      1002d00c     kernel32:KERNEL32.dll
 0002:00000010       __imp__GetStdHandle@4      1002d010     kernel32:KERNEL32.dll
 0002:00000014       __imp__QueryPerformanceCounter@4 1002d014     kernel32:KERNEL32.dll
 0002:00000018       __imp__QueryPerformanceFrequency@4 1002d018     kernel32:KERNEL32.dll
 0002:0000001c       __imp__GetVersionExA@4     1002d01c     kernel32:KERNEL32.dll
 0002:00000020       __imp__IsBadReadPtr@8      1002d020     kernel32:KERNEL32.dll
 0002:00000024       __imp__UnmapViewOfFile@4   1002d024     kernel32:KERNEL32.dll
 0002:00000028       __imp__MapViewOfFile@20    1002d028     kernel32:KERNEL32.dll
 0002:0000002c       __imp__CloseHandle@4       1002d02c     kernel32:KERNEL32.dll
 0002:00000030       __imp__CreateFileMappingA@24 1002d030     kernel32:KERNEL32.dll
 0002:00000034       __imp__CreateFileA@28      1002d034     kernel32:KERNEL32.dll
 0002:00000038       __imp__SearchPathA@24      1002d038     kernel32:KERNEL32.dll
 0002:0000003c       __imp__LoadLibraryExA@12   1002d03c     kernel32:KERNEL32.dll
 0002:00000040       __imp__GetVersion@0        1002d040     kernel32:KERNEL32.dll
 0002:00000044       __imp__HeapAlloc@12        1002d044     kernel32:KERNEL32.dll
 0002:00000048       __imp__HeapFree@12         1002d048     kernel32:KERNEL32.dll
 0002:0000004c       __imp__ExitProcess@4       1002d04c     kernel32:KERNEL32.dll
 0002:00000050       __imp__TerminateProcess@8  1002d050     kernel32:KERNEL32.dll
 0002:00000054       __imp__GetCurrentProcess@0 1002d054     kernel32:KERNEL32.dll
 0002:00000058       __imp__HeapReAlloc@16      1002d058     kernel32:KERNEL32.dll
 0002:0000005c       __imp__HeapDestroy@4       1002d05c     kernel32:KERNEL32.dll
 0002:00000060       __imp__HeapCreate@12       1002d060     kernel32:KERNEL32.dll
 0002:00000064       __imp__VirtualFree@12      1002d064     kernel32:KERNEL32.dll
 0002:00000068       __imp__SetHandleCount@4    1002d068     kernel32:KERNEL32.dll
 0002:0000006c       __imp__GetFileType@4       1002d06c     kernel32:KERNEL32.dll
 0002:00000070       __imp__GetStartupInfoA@4   1002d070     kernel32:KERNEL32.dll
 0002:00000074       __imp__GetModuleFileNameA@12 1002d074     kernel32:KERNEL32.dll
 0002:00000078       __imp__FreeEnvironmentStringsA@4 1002d078     kernel32:KERNEL32.dll
 0002:0000007c       __imp__FreeEnvironmentStringsW@4 1002d07c     kernel32:KERNEL32.dll
 0002:00000080       __imp__WideCharToMultiByte@32 1002d080     kernel32:KERNEL32.dll
 0002:00000084       __imp__GetEnvironmentStrings@0 1002d084     kernel32:KERNEL32.dll
 0002:00000088       __imp__GetEnvironmentStringsW@0 1002d088     kernel32:KERNEL32.dll
 0002:0000008c       __imp__DisableThreadLibraryCalls@4 1002d08c     kernel32:KERNEL32.dll
 0002:00000090       __imp__WriteFile@20        1002d090     kernel32:KERNEL32.dll
 0002:00000094       __imp__MultiByteToWideChar@24 1002d094     kernel32:KERNEL32.dll
 0002:00000098       __imp__CompareStringW@24   1002d098     kernel32:KERNEL32.dll
 0002:0000009c       __imp__SetEnvironmentVariableA@8 1002d09c     kernel32:KERNEL32.dll
 0002:000000a0       __imp__UnhandledExceptionFilter@4 1002d0a0     kernel32:KERNEL32.dll
 0002:000000a4       __imp__LCMapStringA@24     1002d0a4     kernel32:KERNEL32.dll
 0002:000000a8       __imp__LCMapStringW@24     1002d0a8     kernel32:KERNEL32.dll
 0002:000000ac       __imp__GetLastError@0      1002d0ac     kernel32:KERNEL32.dll
 0002:000000b0       __imp__SetFilePointer@16   1002d0b0     kernel32:KERNEL32.dll
 0002:000000b4       __imp__VirtualAlloc@16     1002d0b4     kernel32:KERNEL32.dll
 0002:000000b8       __imp__IsBadWritePtr@8     1002d0b8     kernel32:KERNEL32.dll
 0002:000000bc       __imp__SetConsoleCtrlHandler@8 1002d0bc     kernel32:KERNEL32.dll
 0002:000000c0       __imp__GetProcAddress@8    1002d0c0     kernel32:KERNEL32.dll
 0002:000000c4       __imp__GetModuleHandleA@4  1002d0c4     kernel32:KERNEL32.dll
 0002:000000c8       __imp__FlushFileBuffers@4  1002d0c8     kernel32:KERNEL32.dll
 0002:000000cc       __imp__ReadFile@20         1002d0cc     kernel32:KERNEL32.dll
 0002:000000d0       __imp__GetCPInfo@8         1002d0d0     kernel32:KERNEL32.dll
 0002:000000d4       __imp__GetACP@0            1002d0d4     kernel32:KERNEL32.dll
 0002:000000d8       __imp__GetOEMCP@0          1002d0d8     kernel32:KERNEL32.dll
 0002:000000dc       __imp__LoadLibraryA@4      1002d0dc     kernel32:KERNEL32.dll
 0002:000000e0       __imp__CompareStringA@24   1002d0e0     kernel32:KERNEL32.dll
 0002:000000e4       __imp__FindFirstFileA@8    1002d0e4     kernel32:KERNEL32.dll
 0002:000000e8       __imp__GetDriveTypeA@4     1002d0e8     kernel32:KERNEL32.dll
 0002:000000ec       __imp__RtlUnwind@16        1002d0ec     kernel32:KERNEL32.dll
 0002:000000f0       __imp__SetStdHandle@8      1002d0f0     kernel32:KERNEL32.dll
 0002:000000f4       __imp__SetEndOfFile@4      1002d0f4     kernel32:KERNEL32.dll
 0002:000000f8       __imp__FindClose@4         1002d0f8     kernel32:KERNEL32.dll
 0002:000000fc       __imp__FileTimeToSystemTime@8 1002d0fc     kernel32:KERNEL32.dll
 0002:00000100       __imp__FileTimeToLocalFileTime@8 1002d100     kernel32:KERNEL32.dll
 0002:00000104       __imp__WriteConsoleA@20    1002d104     kernel32:KERNEL32.dll
 0002:00000108       __imp__GetTimeZoneInformation@4 1002d108     kernel32:KERNEL32.dll
 0002:0000010c       __imp__GetCurrentDirectoryA@8 1002d10c     kernel32:KERNEL32.dll
 0002:00000110       __imp__GetFullPathNameA@16 1002d110     kernel32:KERNEL32.dll
 0002:00000114       __imp__GetFileInformationByHandle@8 1002d114     kernel32:KERNEL32.dll
 0002:00000118       __imp__PeekNamedPipe@24    1002d118     kernel32:KERNEL32.dll
 0002:0000011c       __imp__DeleteFileA@4       1002d11c     kernel32:KERNEL32.dll
 0002:00000120       __imp__SetCurrentDirectoryA@4 1002d120     kernel32:KERNEL32.dll
 0002:00000124       __imp__GetFileAttributesA@4 1002d124     kernel32:KERNEL32.dll
 0002:00000128       \177KERNEL32_NULL_THUNK_DATA 1002d128     kernel32:KERNEL32.dll
 0002:0000012c       __imp__MessageBoxA@16      1002d12c     user32:USER32.dll
 0002:00000130       \177USER32_NULL_THUNK_DATA 1002d130     user32:USER32.dll
 0002:00000198       _jwe_sz__HEADTIME@36       1002d198     READFOR.obj
 0002:0000019c       _jwe_ssn__HEADTIME@36      1002d19c     READFOR.obj
 0002:00000250       _jwe_sz__READHEAD@36       1002d250     READFOR.obj
 0002:00000254       _jwe_ssn__READHEAD@36      1002d254     READFOR.obj
 0002:000002e8       _jwe_sz__CONTIME@28        1002d2e8     READFOR.obj
 0002:000002ec       _jwe_ssn__CONTIME@28       1002d2ec     READFOR.obj
 0002:000003e8       _jwe_sz__READCON@32        1002d3e8     READFOR.obj
 0002:000003ec       _jwe_ssn__READCON@32       1002d3ec     READFOR.obj
 0002:000004c0       __real@8@3ffb9249249249249000 1002d4c0     fj90i:jwe_irio.obj
 0002:000004c8       __real@8@4002a000000000000000 1002d4c8     fj90i:jwe_irio.obj
 0002:000004d0       __real@8@3fe189705f4136b4a800 1002d4d0     fj90i:jwe_irio.obj
 0002:000004d8       __real@8@bffb9249249249249000 1002d4d8     fj90i:jwe_irio.obj
 0002:000004e0       __real@8@40169896800000000000 1002d4e0     fj90i:jwe_irio.obj
 0002:000004e8       __real@8@3ffbccccccccccccd000 1002d4e8     fj90i:jwe_irio.obj
 0002:000004f0       __real@8@3fff8000000000000000 1002d4f0     fj90i:jwe_irio.obj
 0002:000004f8       __real@8@40188000000000000000 1002d4f8     fj90i:jwe_irio.obj
 0002:00000500       __real@8@00000000000000000000 1002d500     fj90i:jwe_irio.obj
 0002:00000508       __real@8@bffbccccccccccccd000 1002d508     fj90i:jwe_irio.obj
 0002:00000538       ??_C@_0P@GGKG@runtime?5error?5?$AA@ 1002d538     libc:crt0msg.obj
 0002:00000548       ??_C@_02PIMC@?$AN?6?$AA@   1002d548     libc:crt0msg.obj
 0002:0000054c       ??_C@_0O@DELO@TLOSS?5error?$AN?6?$AA@ 1002d54c     libc:crt0msg.obj
 0002:0000055c       ??_C@_0N@OMLL@SING?5error?$AN?6?$AA@ 1002d55c     libc:crt0msg.obj
 0002:0000056c       ??_C@_0P@OJAK@DOMAIN?5error?$AN?6?$AA@ 1002d56c     libc:crt0msg.obj
 0002:0000057c       ??_C@_0CF@EANP@R6028?$AN?6?9?5unable?5to?5initialize?5he@ 1002d57c     libc:crt0msg.obj
 0002:000005a4       ??_C@_0DF@ECGN@R6027?$AN?6?9?5not?5enough?5space?5for?5lo@ 1002d5a4     libc:crt0msg.obj
 0002:000005dc       ??_C@_0DF@FKAC@R6026?$AN?6?9?5not?5enough?5space?5for?5st@ 1002d5dc     libc:crt0msg.obj
 0002:00000614       ??_C@_0CG@DPMN@R6025?$AN?6?9?5pure?5virtual?5function?5c@ 1002d614     libc:crt0msg.obj
 0002:0000063c       ??_C@_0DF@CKIP@R6024?$AN?6?9?5not?5enough?5space?5for?5_o@ 1002d63c     libc:crt0msg.obj
 0002:00000674       ??_C@_0CJ@GGOE@R6019?$AN?6?9?5unable?5to?5open?5console?5@ 1002d674     libc:crt0msg.obj
 0002:000006a0       ??_C@_0CB@LBOB@R6018?$AN?6?9?5unexpected?5heap?5error?$AN?6@ 1002d6a0     libc:crt0msg.obj
 0002:000006c4       ??_C@_0CN@FPEG@R6017?$AN?6?9?5unexpected?5multithread?5@ 1002d6c4     libc:crt0msg.obj
 0002:000006f4       ??_C@_0CM@OBIC@R6016?$AN?6?9?5not?5enough?5space?5for?5th@ 1002d6f4     libc:crt0msg.obj
 0002:00000720       ??_C@_0CB@HPAL@?$AN?6abnormal?5program?5termination?$AN?6@ 1002d720     libc:crt0msg.obj
 0002:00000744       ??_C@_0CM@JOOB@R6009?$AN?6?9?5not?5enough?5space?5for?5en@ 1002d744     libc:crt0msg.obj
 0002:00000770       ??_C@_0CK@OIBL@R6008?$AN?6?9?5not?5enough?5space?5for?5ar@ 1002d770     libc:crt0msg.obj
 0002:0000079c       ??_C@_0CF@LKPB@R6002?$AN?6?9?5floating?5point?5not?5load@ 1002d79c     libc:crt0msg.obj
 0002:000007c4       ??_C@_0CF@JPDF@Microsoft?5Visual?5C?$CL?$CL?5Runtime?5Lib@ 1002d7c4     libc:crt0msg.obj
 0002:000007ec       ??_C@_02JJJH@?6?6?$AA@     1002d7ec     libc:crt0msg.obj
 0002:000007f0       ??_C@_0BK@DEOK@Runtime?5Error?$CB?6?6Program?3?5?$AA@ 1002d7f0     libc:crt0msg.obj
 0002:0000080c       ??_C@_03NAME@?4?4?4?$AA@   1002d80c     libc:crt0msg.obj
 0002:00000810       ??_C@_0BH@NNCD@?$DMprogram?5name?5unknown?$DO?$AA@ 1002d810     libc:crt0msg.obj
 0002:00000828       ??_C@_01A@?$AA?$AA@        1002d828     libc:a_str.obj
 0002:0000082c       ??_C@_13A@?$AA?$AA?$AA?$AA@ 1002d82c     libc:a_str.obj
 0002:0000083c       ___lookuptable             1002d83c     libc:output.obj
 0002:00000898       ??_C@_1O@POHA@?$AA?$CI?$AAn?$AAu?$AAl?$AAl?$AA?$CJ?$AA?$AA@ 1002d898     libc:output.obj
 0002:000008a8       ??_C@_06ONKE@?$CInull?$CJ?$AA@ 1002d8a8     libc:output.obj
 0002:000008c8       __real@8@4015800bf60000000000 1002d8c8     libc:testfdiv.obj
 0002:000008d0       __real@8@4014bffffc0000000000 1002d8d0     libc:testfdiv.obj
 0002:000008d8       ??_C@_0BK@JEGK@IsProcessorFeaturePresent?$AA@ 1002d8d8     libc:testfdiv.obj
 0002:000008f4       ??_C@_08OBID@KERNEL32?$AA@ 1002d8f4     libc:testfdiv.obj
 0002:00000900       ??_C@_05OFLO@e?$CL000?$AA@ 1002d900     libc:cvt.obj
 0002:00000908       ??_C@_0BG@JPLP@Illegal?5byte?5sequence?$AA@ 1002d908     libc:syserr.obj
 0002:00000920       ??_C@_0BE@FLBN@Directory?5not?5empty?$AA@ 1002d920     libc:syserr.obj
 0002:00000934       ??_C@_0BJ@KAFL@Function?5not?5implemented?$AA@ 1002d934     libc:syserr.obj
 0002:00000950       ??_C@_0BD@CEML@No?5locks?5available?$AA@ 1002d950     libc:syserr.obj
 0002:00000964       ??_C@_0BC@GADJ@Filename?5too?5long?$AA@ 1002d964     libc:syserr.obj
 0002:00000978       ??_C@_0BK@FNFN@Resource?5deadlock?5avoided?$AA@ 1002d978     libc:syserr.obj
 0002:00000994       ??_C@_0BB@EALI@Result?5too?5large?$AA@ 1002d994     libc:syserr.obj
 0002:000009a8       ??_C@_0N@FIAN@Domain?5error?$AA@ 1002d9a8     libc:syserr.obj
 0002:000009b8       ??_C@_0M@CLKF@Broken?5pipe?$AA@ 1002d9b8     libc:syserr.obj
 0002:000009c4       ??_C@_0P@OFDM@Too?5many?5links?$AA@ 1002d9c4     libc:syserr.obj
 0002:000009d4       ??_C@_0BG@OHDM@Read?9only?5file?5system?$AA@ 1002d9d4     libc:syserr.obj
 0002:000009ec       ??_C@_0N@NGPA@Invalid?5seek?$AA@ 1002d9ec     libc:syserr.obj
 0002:000009fc       ??_C@_0BI@DMFE@No?5space?5left?5on?5device?$AA@ 1002d9fc     libc:syserr.obj
 0002:00000a14       ??_C@_0P@OPNK@File?5too?5large?$AA@ 1002da14     libc:syserr.obj
 0002:00000a24       ??_C@_0CE@BADJ@Inappropriate?5I?1O?5control?5operat@ 1002da24     libc:syserr.obj
 0002:00000a48       ??_C@_0BE@COOK@Too?5many?5open?5files?$AA@ 1002da48     libc:syserr.obj
 0002:00000a5c       ??_C@_0BO@ELHF@Too?5many?5open?5files?5in?5system?$AA@ 1002da5c     libc:syserr.obj
 0002:00000a7c       ??_C@_0BB@IHAB@Invalid?5argument?$AA@ 1002da7c     libc:syserr.obj
 0002:00000a90       ??_C@_0P@NDNC@Is?5a?5directory?$AA@ 1002da90     libc:syserr.obj
 0002:00000aa0       ??_C@_0BA@JMMO@Not?5a?5directory?$AA@ 1002daa0     libc:syserr.obj
 0002:00000ab0       ??_C@_0P@GFAI@No?5such?5device?$AA@ 1002dab0     libc:syserr.obj
 0002:00000ac0       ??_C@_0O@KHHM@Improper?5link?$AA@ 1002dac0     libc:syserr.obj
 0002:00000ad0       ??_C@_0M@EPHJ@File?5exists?$AA@ 1002dad0     libc:syserr.obj
 0002:00000adc       ??_C@_0BA@LPOH@Resource?5device?$AA@ 1002dadc     libc:syserr.obj
 0002:00000aec       ??_C@_0O@NOFB@Unknown?5error?$AA@ 1002daec     libc:syserr.obj
 0002:00000afc       ??_C@_0M@MLJM@Bad?5address?$AA@ 1002dafc     libc:syserr.obj
 0002:00000b08       ??_C@_0BC@DJON@Permission?5denied?$AA@ 1002db08     libc:syserr.obj
 0002:00000b1c       ??_C@_0BB@KDDC@Not?5enough?5space?$AA@ 1002db1c     libc:syserr.obj
 0002:00000b30       ??_C@_0CB@BBBH@Resource?5temporarily?5unavailable@ 1002db30     libc:syserr.obj
 0002:00000b54       ??_C@_0BD@ODIH@No?5child?5processes?$AA@ 1002db54     libc:syserr.obj
 0002:00000b68       ??_C@_0BE@CDDH@Bad?5file?5descriptor?$AA@ 1002db68     libc:syserr.obj
 0002:00000b7c       ??_C@_0BC@BICL@Exec?5format?5error?$AA@ 1002db7c     libc:syserr.obj
 0002:00000b90       ??_C@_0BC@IGMC@Arg?5list?5too?5long?$AA@ 1002db90     libc:syserr.obj
 0002:00000ba4       ??_C@_0BK@HLB@No?5such?5device?5or?5address?$AA@ 1002dba4     libc:syserr.obj
 0002:00000bc0       ??_C@_0BD@MPKK@Input?1output?5error?$AA@ 1002dbc0     libc:syserr.obj
 0002:00000bd4       ??_C@_0BK@ODCM@Interrupted?5function?5call?$AA@ 1002dbd4     libc:syserr.obj
 0002:00000bf0       ??_C@_0BA@BPKN@No?5such?5process?$AA@ 1002dbf0     libc:syserr.obj
 0002:00000c00       ??_C@_0BK@IEMO@No?5such?5file?5or?5directory?$AA@ 1002dc00     libc:syserr.obj
 0002:00000c1c       ??_C@_0BI@IIAE@Operation?5not?5permitted?$AA@ 1002dc1c     libc:syserr.obj
 0002:00000c34       ??_C@_08KKBH@No?5error?$AA@ 1002dc34     libc:syserr.obj
 0002:00000c40       ??_C@_0BD@NJFP@GetLastActivePopup?$AA@ 1002dc40     libc:crtmbox.obj
 0002:00000c54       ??_C@_0BA@GILI@GetActiveWindow?$AA@ 1002dc54     libc:crtmbox.obj
 0002:00000c64       ??_C@_0M@PKCK@MessageBoxA?$AA@ 1002dc64     libc:crtmbox.obj
 0002:00000c70       ??_C@_0L@HKL@user32?4dll?$AA@ 1002dc70     libc:crtmbox.obj
 0002:00000c98       ??_C@_06PAPI@1?$CDQNAN?$AA@ 1002dc98     libc:x10fout.obj
 0002:00000ca0       ??_C@_05BGNL@1?$CDINF?$AA@ 1002dca0     libc:x10fout.obj
 0002:00000ca8       ??_C@_05EDPF@1?$CDIND?$AA@ 1002dca8     libc:x10fout.obj
 0002:00000cb0       ??_C@_06LKFM@1?$CDSNAN?$AA@ 1002dcb0     libc:x10fout.obj
 0002:00000d0c       ??_C@_04GGNP@?4com?$AA@    1002dd0c     libc:stat.obj
 0002:00000d14       ??_C@_04KBDN@?4bat?$AA@    1002dd14     libc:stat.obj
 0002:00000d1c       ??_C@_04LFKF@?4cmd?$AA@    1002dd1c     libc:stat.obj
 0002:00000d24       ??_C@_04NFOM@?4exe?$AA@    1002dd24     libc:stat.obj
 0002:00000d2c       ??_C@_03MNBA@?4?1?2?$AA@   1002dd2c     libc:stat.obj
 0002:00000d30       ??_C@_02DIIM@?$DP?$CK?$AA@ 1002dd30     libc:stat.obj
 0002:00000d34       ??_C@_01PJCK@?4?$AA@       1002dd34     libc:tempnam.obj
 0002:00000d38       ??_C@_01PCFE@?2?$AA@       1002dd38     libc:tempnam.obj
 0002:00000d3c       ??_C@_03LDNL@TMP?$AA@      1002dd3c     libc:tempnam.obj
 0002:00000d40       ___dnames                  1002dd40     libc:timeset.obj
 0002:00000d58       ___mnames                  1002dd58     libc:timeset.obj
 0002:00000d80       ??_C@_02JHIA@TZ?$AA@       1002dd80     libc:tzset.obj
 0002:00000d84       ??_C@_06MICP@CONIN$?$AA@   1002dd84     libc:initcon.obj
 0002:00000d8c       ??_C@_07GLCC@CONOUT$?$AA@  1002dd8c     libc:initcon.obj
 0002:00000d94       __IMPORT_DESCRIPTOR_USER32 1002dd94     user32:USER32.dll
 0002:00000da8       __IMPORT_DESCRIPTOR_KERNEL32 1002dda8     kernel32:KERNEL32.dll
 0002:00000dbc       __NULL_IMPORT_DESCRIPTOR   1002ddbc     user32:USER32.dll
 0003:00000000       ___xc_a                    1002f000     libc:crt0init.obj
 0003:00000004       ___xc_z                    1002f004     libc:crt0init.obj
 0003:00000008       ___xi_a                    1002f008     libc:crt0init.obj
 0003:00000014       ___xi_z                    1002f014     libc:crt0init.obj
 0003:00000018       ___xp_a                    1002f018     libc:crt0init.obj
 0003:00000028       ___xp_z                    1002f028     libc:crt0init.obj
 0003:0000002c       ___xt_a                    1002f02c     libc:crt0init.obj
 0003:00000030       ___xt_z                    1002f030     libc:crt0init.obj
 0003:00001088       _jwe_lca                   10030088     fj90i:jwe_xilc.obj
 0003:00002038       _jwe_efcs                  10031038     fj90i:jwe_eerm.obj
 0003:00002998       _jwe_iend                  10031998     fj90i:jwe_iend.obj
 0003:00003308       _jwe_ertb                  10032308     fj90i:jwe_ertb.obj
 0003:00005178       _jwe_emto                  10034178     fj90i:jwe_emso.obj
 0003:00005180       _jwe_emno                  10034180     fj90i:jwe_emso.obj
 0003:00005190       _jwe_emio                  10034190     fj90i:jwe_emso.obj
 0003:00005838       _jwe_emts                  10034838     fj90i:jwe_emss.obj
 0003:00005848       _jwe_emns                  10034848     fj90i:jwe_emss.obj
 0003:00005868       _jwe_emis                  10034868     fj90i:jwe_emss.obj
 0003:00007c08       _jwe_emtf                  10036c08     fj90i:jwe_emsf.obj
 0003:00007c10       _jwe_emnf                  10036c10     fj90i:jwe_emsf.obj
 0003:00007c28       _jwe_emif                  10036c28     fj90i:jwe_emsf.obj
 0003:000084b8       _jwe_emti                  100374b8     fj90i:jwe_emsi.obj
 0003:000084d8       _jwe_emni                  100374d8     fj90i:jwe_emsi.obj
 0003:00008520       _jwe_emii                  10037520     fj90i:jwe_emsi.obj
 0003:00008aa8       _jwe_emtx                  10037aa8     fj90i:jwe_emsx.obj
 0003:00008ab8       _jwe_emnx                  10037ab8     fj90i:jwe_emsx.obj
 0003:00008ad8       _jwe_emix                  10037ad8     fj90i:jwe_emsx.obj
 0003:00009278       _jwe_edeb                  10038278     fj90i:jwe_ems5.obj
 0003:00009658       _jwe_esub                  10038658     fj90i:jwe_ems5.obj
 0003:00009b98       _jwe_esyt                  10038b98     fj90i:jwe_ems5.obj
 0003:00009e78       _jwe_emt5                  10038e78     fj90i:jwe_ems5.obj
 0003:00009e88       _jwe_emn5                  10038e88     fj90i:jwe_ems5.obj
 0003:00009ea8       _jwe_emi5                  10038ea8     fj90i:jwe_ems5.obj
 0003:0000b000       _jwe_efn1                  1003a000     fj90i:jwe_ems4.obj
 0003:0000bed0       _jwe_efn2                  1003aed0     fj90i:jwe_ems4.obj
 0003:0000c330       _jwe_emt4                  1003b330     fj90i:jwe_ems4.obj
 0003:0000c338       _jwe_emn4                  1003b338     fj90i:jwe_ems4.obj
 0003:0000c350       _jwe_emi4                  1003b350     fj90i:jwe_ems4.obj
 0003:0000c8a0       _jwe_eili                  1003b8a0     fj90i:jwe_ems3.obj
 0003:0000ce28       _jwe_eifm                  1003be28     fj90i:jwe_ems3.obj
 0003:0000d518       _jwe_eide                  1003c518     fj90i:jwe_ems3.obj
 0003:0000d7f8       _jwe_emt3                  1003c7f8     fj90i:jwe_ems3.obj
 0003:0000d808       _jwe_emn3                  1003c808     fj90i:jwe_ems3.obj
 0003:0000d828       _jwe_emi3                  1003c828     fj90i:jwe_ems3.obj
 0003:0000dca8       _jwe_eifc                  1003cca8     fj90i:jwe_ems2.obj
 0003:0000e8c0       _jwe_eisp                  1003d8c0     fj90i:jwe_ems2.obj
 0003:0000ef88       _jwe_eics                  1003df88     fj90i:jwe_ems2.obj
 0003:0000f168       _jwe_emt2                  1003e168     fj90i:jwe_ems2.obj
 0003:0000f178       _jwe_emn2                  1003e178     fj90i:jwe_ems2.obj
 0003:0000f198       _jwe_emi2                  1003e198     fj90i:jwe_ems2.obj
 0003:0000f3b0       _jwe_estm                  1003e3b0     fj90i:jwe_ems1.obj
 0003:0000f610       _jwe_eexm                  1003e610     fj90i:jwe_ems1.obj
 0003:0000f850       _jwe_eimc                  1003e850     fj90i:jwe_ems1.obj
 0003:0000f9d0       _jwe_emt1                  1003e9d0     fj90i:jwe_ems1.obj
 0003:0000f9e0       _jwe_emn1                  1003e9e0     fj90i:jwe_ems1.obj
 0003:0000fa00       _jwe_emi1                  1003ea00     fj90i:jwe_ems1.obj
 0003:00010c40       __aexit_rtn                1003fc40     libc:dllcrt0.obj
 0003:00010c44       __pctype                   1003fc44     libc:ctype.obj
 0003:00010c48       __pwctype                  1003fc48     libc:ctype.obj
 0003:00010c4c       __ctype                    1003fc4c     libc:ctype.obj
 0003:00010e50       ___mb_cur_max              1003fe50     libc:nlsdata1.obj
 0003:00010e54       ___decimal_point           1003fe54     libc:nlsdata1.obj
 0003:00010e58       ___decimal_point_length    1003fe58     libc:nlsdata1.obj
 0003:00010e60       __iob                      1003fe60     libc:_file.obj
 0003:000110e0       __fltused                  100400e0     libc:fpinit.obj
 0003:000110e4       __ldused                   100400e4     libc:fpinit.obj
 0003:000110e8       __FPinit                   100400e8     libc:fpinit.obj
 0003:000110ec       __FPmtinit                 100400ec     libc:fpinit.obj
 0003:000110f0       __FPmtterm                 100400f0     libc:fpinit.obj
 0003:00011100       __amblksiz                 10040100     libc:heapinit.obj
 0003:00011108       ___badioinfo               10040108     libc:ioinit.obj
 0003:000111a0       __XcptActTab               100401a0     libc:winxfltr.obj
 0003:00011218       __First_FPE_Indx           10040218     libc:winxfltr.obj
 0003:0001121c       __Num_FPE                  1004021c     libc:winxfltr.obj
 0003:00011220       __XcptActTabCount          10040220     libc:winxfltr.obj
 0003:00011224       __fpecode                  10040224     libc:winxfltr.obj
 0003:00011228       ___nullstring              10040228     libc:output.obj
 0003:0001122c       ___wnullstring             1004022c     libc:output.obj
 0003:00011230       ___sbh_threshold           10040230     libc:sbheap.obj
 0003:00011234       __cfltcvt_tab              10040234     libc:cmiscdat.obj
 0003:00011250       __sys_errlist              10040250     libc:syserr.obj
 0003:00011300       __sys_nerr                 10040300     libc:syserr.obj
 0003:00011410       __NLG_Destination          10040410     libc:exsup.obj
 0003:000115c0       __pow10pos                 100405c0     libc:constpow.obj
 0003:00011720       __pow10neg                 10040720     libc:constpow.obj
 0003:00011880       __tmpoff                   10040880     libc:rmtmp.obj
 0003:00011884       __tempoff                  10040884     libc:rmtmp.obj
 0003:00011890       __timezone                 10040890     libc:timeset.obj
 0003:00011894       __daylight                 10040894     libc:timeset.obj
 0003:00011898       __dstbias                  10040898     libc:timeset.obj
 0003:0001191c       __tzname                   1004091c     libc:timeset.obj
 0003:00011944       __lpdays                   10040944     libc:days.obj
 0003:00011978       __days                     10040978     libc:days.obj
 0003:000119b0       __coninpfh                 100409b0     libc:initcon.obj
 0003:000119b4       __confh                    100409b4     libc:initcon.obj
 0003:000119e0       _jwe_act                   100409e0     fj90i:jwe_xalc.obj
 0003:00011a1c       _jwe_x_init                10040a1c     fj90i:jwe_xint.obj
 0003:00011a30       _jwe_efca                  10040a30     fj90i:jwe_eerm.obj
 0003:00011b80       _jwe_eftb                  10040b80     fj90i:jwe_etbm.obj
 0003:00011c74       __aenvptr                  10040c74     libc:dllcrt0.obj
 0003:00011c78       __wenvptr                  10040c78     libc:dllcrt0.obj
 0003:00011c7c       ___error_mode              10040c7c     libc:dllcrt0.obj
 0003:00011c80       ___app_type                10040c80     libc:dllcrt0.obj
 0003:00011c84       __cflush                   10040c84     libc:_file.obj
 0003:00011c88       _errno                     10040c88     libc:crt0dat.obj
 0003:00011c8c       __doserrno                 10040c8c     libc:crt0dat.obj
 0003:00011c90       __umaskval                 10040c90     libc:crt0dat.obj
 0003:00011c94       __osver                    10040c94     libc:crt0dat.obj
 0003:00011c98       __winver                   10040c98     libc:crt0dat.obj
 0003:00011c9c       __winmajor                 10040c9c     libc:crt0dat.obj
 0003:00011ca0       __winminor                 10040ca0     libc:crt0dat.obj
 0003:00011ca4       ___argc                    10040ca4     libc:crt0dat.obj
 0003:00011ca8       ___argv                    10040ca8     libc:crt0dat.obj
 0003:00011cac       ___wargv                   10040cac     libc:crt0dat.obj
 0003:00011cb0       __environ                  10040cb0     libc:crt0dat.obj
 0003:00011cb4       ___initenv                 10040cb4     libc:crt0dat.obj
 0003:00011cb8       __wenviron                 10040cb8     libc:crt0dat.obj
 0003:00011cbc       ___winitenv                10040cbc     libc:crt0dat.obj
 0003:00011cc0       __pgmptr                   10040cc0     libc:crt0dat.obj
 0003:00011cc4       __wpgmptr                  10040cc4     libc:crt0dat.obj
 0003:00011cc8       __exitflag                 10040cc8     libc:crt0dat.obj
 0003:00011ccc       __C_Termination_Done       10040ccc     libc:crt0dat.obj
 0003:00011cd0       __C_Exit_Done              10040cd0     libc:crt0dat.obj
 0003:00011cd4       ___fastflag                10040cd4     libc:fpinit.obj
 0003:00011cd8       __adjust_fdiv              10040cd8     libc:fpinit.obj
 0003:00011e0c       __adbgmsg                  10040e0c     libc:crt0msg.obj
 0003:00011e14       __pxcptinfoptrs            10040e14     libc:winxfltr.obj
 0003:00011e1c       ___lc_handle               10040e1c     libc:nlsdata2.obj
 0003:00011e34       ___lc_codepage             10040e34     libc:nlsdata2.obj
 0003:00011e38       ___lc_collate_cp           10040e38     libc:nlsdata2.obj
 0003:00011e3c       __stdbuf                   10040e3c     libc:_sftbuf.obj
 0003:00011e44       ?_pnhHeap@@3P6AHI@ZA       10040e44     libc:handler.obj
 0003:00011e48       __newmode                  10040e48     libc:_newmode.obj
 0003:00011eb8       __commode                  10040eb8     libc:ncommode.obj
 0003:00011ebc       __fmode                    10040ebc     libc:txtmode.obj
 0003:00011ec0       __old_pfxlen               10040ec0     libc:rmtmp.obj
 0003:00011f84       _jwe_etb_fca               10040f84     <common>
 0003:00011f88       _heni_add                  10040f88     <common>
 0003:00011f8c       _recur_call                10040f8c     <common>
 0003:00011f90       _move_top                  10040f90     <common>
 0003:00011f94       _item_a                    10040f94     <common>
 0003:00011f98       __fdivflag                 10040f98     <common>
 0003:00011fa0       _jwe_efpa                  10040fa0     <common>
 0003:00011fc0       _jwe_eprm                  10040fc0     <common>
 0003:00012060       _jwe_ifca                  10041060     <common>
 0003:00012064       _jwe_iuia                  10041064     <common>
 0003:00012068       ___mbcodepage              10041068     <common>
 0003:00012070       ___mbulinfo                10041070     <common>
 0003:0001207c       ___ismbcodepage            1004107c     <common>
 0003:00012080       __mbcasemap                10041080     <common>
 0003:00012180       __mbctype                  10041180     <common>
 0003:00012284       ___mblcid                  10041284     <common>
 0003:00012288       ___sbh_sizeHeaderList      10041288     <common>
 0003:0001228c       ___sbh_indGroupDefer       1004128c     <common>
 0003:00012290       ___sbh_pHeaderScan         10041290     <common>
 0003:00012294       ___sbh_pHeaderDefer        10041294     <common>
 0003:00012298       ___sbh_cntHeaderList       10041298     <common>
 0003:0001229c       ___sbh_pHeaderList         1004129c     <common>
 0003:000122a0       ___pioinfo                 100412a0     <common>
 0003:000123a0       __nhandle                  100413a0     <common>
 0003:000123a4       __crtheap                  100413a4     <common>
 0003:000123a8       ___env_initialized         100413a8     <common>
 0003:000123ac       ___mbctype_initialized     100413ac     <common>
 0003:000123b0       ___onexitend               100413b0     <common>
 0003:000123b4       ___onexitbegin             100413b4     <common>
 0003:000123b8       ___piob                    100413b8     <common>
 0003:000123c0       __bufin                    100413c0     <common>
 0003:000133c0       __nstream                  100423c0     <common>
 0003:000133c4       __acmdln                   100423c4     <common>
 0003:000133c8       __pRawDllMain              100423c8     <common>

 entry point at        0001:00021317

 Static symbols

 0001:0001e050       _jwe_iridd                 1001f050 f   fj90i:jwe_irio.obj
 0001:0001e2a0       _jwe_iricq                 1001f2a0 f   fj90i:jwe_irio.obj
 0001:0001ef30       _jwe_irocd                 1001ff30 f   fj90i:jwe_irio.obj
 0001:0001f560       _jwe_irocq                 10020560 f   fj90i:jwe_irio.obj
 0001:0001fb70       _jwe_igetfig               10020b70 f   fj90i:jwe_irio.obj
 0001:0001fc20       _jwe_imul                  10020c20 f   fj90i:jwe_irio.obj
 0001:0001fea0       _jwe_inormalize            10020ea0 f   fj90i:jwe_irio.obj
 0001:00020080       _jwe_iaddxq                10021080 f   fj90i:jwe_irio.obj
 0001:00020230       _jwe_igetdec               10021230 f   fj90i:jwe_irio.obj
 0001:000202f0       _jwe_ixqtoq                100212f0 f   fj90i:jwe_irio.obj
 0001:0001dcf0       _jwe_etb_sort              1001ecf0 f   fj90i:jwe_etbf.obj
 0001:0001a770       _jwe_iofe                  1001b770 f   fj90i:jwe_iedo.obj
 0001:0001a9f0       _jwe_ioed                  1001b9f0 f   fj90i:jwe_iedo.obj
 0001:0001b450       _jwe_ior0                  1001c450 f   fj90i:jwe_iedo.obj
 0001:0001b5f0       _jwe_ioni                  1001c5f0 f   fj90i:jwe_iedo.obj
 0001:0001b6c0       _jwe_ioic                  1001c6c0 f   fj90i:jwe_iedo.obj
 0001:0001b8f0       _jwe_ioge                  1001c8f0 f   fj90i:jwe_iedo.obj
 0001:0001b930       _jwe_iocl                  1001c930 f   fj90i:jwe_iedo.obj
 0001:0001b960       _jwe_ioie                  1001c960 f   fj90i:jwe_iedo.obj
 0001:0001bbb0       _jwe_ioig                  1001cbb0 f   fj90i:jwe_iedo.obj
 0001:0001bde0       _jwe_iole                  1001cde0 f   fj90i:jwe_iedo.obj
 0001:0001bec0       _jwe_ioaw                  1001cec0 f   fj90i:jwe_iedo.obj
 0001:0001bf50       _jwe_ioae                  1001cf50 f   fj90i:jwe_iedo.obj
 0001:0001bf80       _jwe_iozs                  1001cf80 f   fj90i:jwe_iedo.obj
 0001:0001c1d0       _jwe_ioze                  1001d1d0 f   fj90i:jwe_iedo.obj
 0001:0001c3d0       _jwe_ioen                  1001d3d0 f   fj90i:jwe_iedo.obj
 0001:0001c8b0       _jwe_ioes                  1001d8b0 f   fj90i:jwe_iedo.obj
 0001:0001cc90       _jwe_iore                  1001dc90 f   fj90i:jwe_iedo.obj
 0001:0001cd30       _jwe_iobs                  1001dd30 f   fj90i:jwe_iedo.obj
 0001:0001d010       _jwe_iobe                  1001e010 f   fj90i:jwe_iedo.obj
 0001:0001d2c0       _jwe_ioos                  1001e2c0 f   fj90i:jwe_iedo.obj
 0001:0001d680       _jwe_iooe                  1001e680 f   fj90i:jwe_iedo.obj
 0001:0001d890       _jwe_ione                  1001e890 f   fj90i:jwe_iedo.obj
 0001:0001a580       _jwe_ibfd1                 1001b580 f   fj90i:jwe_ibfd.obj
 0001:00019860       _jwe_itfn1                 1001a860 f   fj90i:jwe_itfn.obj
 0001:00019640       _jwe_ipfd1                 1001a640 f   fj90i:jwe_ipfd.obj
 0001:00018a90       _jwe_ifgf1                 10019a90 f   fj90i:jwe_ifgf.obj
 0001:00018c30       _jwe_ifgf2                 10019c30 f   fj90i:jwe_ifgf.obj
 0001:00018330       _jwe_ifpf1                 10019330 f   fj90i:jwe_ifpf.obj
 0001:00018440       _jwe_ifpf2                 10019440 f   fj90i:jwe_ifpf.obj
 0001:00018520       _jwe_ifpf3                 10019520 f   fj90i:jwe_ifpf.obj
 0001:00018610       _jwe_ifpf4                 10019610 f   fj90i:jwe_ifpf.obj
 0001:000177e0       _jwe_ipsd1                 100187e0 f   fj90i:jwe_ipsd.obj
 0001:000167a0       _jwe_icpf1                 100177a0 f   fj90i:jwe_icpf.obj
 0001:000168b0       _jwe_icpf2                 100178b0 f   fj90i:jwe_icpf.obj
 0001:00016990       _jwe_icpf3                 10017990 f   fj90i:jwe_icpf.obj
 0001:00016a80       _jwe_icpf4                 10017a80 f   fj90i:jwe_icpf.obj
 0001:00016bb0       _jwe_icpf5                 10017bb0 f   fj90i:jwe_icpf.obj
 0001:00016000       _jwe_ibpd1                 10017000 f   fj90i:jwe_ibpd.obj
 0001:000159c0       _jwe_iupd1                 100169c0 f   fj90i:jwe_iupd.obj
 0001:00015440       _jwe_idgw                  10016440 f   fj90i:jwe_idgt.obj
 0001:00015520       _jwe_idgr                  10016520 f   fj90i:jwe_idgt.obj
 0001:00014a60       _jwe_idge                  10015a60 f   fj90i:jwe_idga.obj
 0001:000125c0       _jwe_eied                  100135c0 f   fj90i:jwe_emsg.obj
 0001:00011d10       _jwe_ifop1                 10012d10 f   fj90i:jwe_ifop.obj
 0001:0000ff50       _jwe_e_cnv_e16c            10010f50 f   fj90i:jwe_etbm.obj
 0001:0000ffb0       _jwe_e_mk_tb_tbl           10010fb0 f   fj90i:jwe_etbm.obj
 0001:00010420       _jwe_e_free_tbc            10011420 f   fj90i:jwe_etbm.obj
 0001:0000e0a0       _jwe_esye                  1000f0a0 f   fj90i:jwe_errr.obj
 0001:0000d7e0       _jwe_idce                  1000e7e0 f   fj90i:jwe_idcf.obj
 0001:0000cb80       _jwe_ieei                  1000db80 f   fj90i:jwe_iffi.obj
 0001:0000cd60       _jwe_iei2                  1000dd60 f   fj90i:jwe_iffi.obj
 0001:0000c2d0       _jwe_ieeo                  1000d2d0 f   fj90i:jwe_iffo.obj
 0001:0000c4c0       _jwe_iee2                  1000d4c0 f   fj90i:jwe_iffo.obj
 0001:0000aac0       _jwe_ifcl1                 1000bac0 f   fj90i:jwe_ifcl.obj
 0001:0000ab20       _jwe_ifcl2                 1000bb20 f   fj90i:jwe_ifcl.obj
 0001:0000a580       _dummy                     1000b580 f   fj90i:jwe_xexs.obj
 0001:0000a590       _jwe_xamg                  1000b590 f   fj90i:jwe_xexs.obj
 0001:0000a630       _jwe_xeed                  1000b630 f   fj90i:jwe_xexs.obj
 0001:000095e0       _jwe_ifps1                 1000a5e0 f   fj90i:jwe_ifps.obj
 0001:00009660       _jwe_ifps2                 1000a660 f   fj90i:jwe_ifps.obj
 0001:00009730       _jwe_ifps3                 1000a730 f   fj90i:jwe_ifps.obj
 0001:00008ee0       _jwe_icpt1                 10009ee0 f   fj90i:jwe_icpt.obj
 0001:000090d0       _jwe_icpt2                 1000a0d0 f   fj90i:jwe_icpt.obj
 0001:000091a0       _jwe_icpt3                 1000a1a0 f   fj90i:jwe_icpt.obj
 0001:00008790       _jwe_icps1                 10009790 f   fj90i:jwe_icps.obj
 0001:000089a0       _jwe_icps2                 100099a0 f   fj90i:jwe_icps.obj
 0001:00008a70       _jwe_icps3                 10009a70 f   fj90i:jwe_icps.obj
 0001:00007830       _jwe_isc0                  10008830 f   fj90i:jwe_iscf.obj
 0001:000078c0       _jwe_isc1                  100088c0 f   fj90i:jwe_iscf.obj
 0001:00007920       _jwe_isc2                  10008920 f   fj90i:jwe_iscf.obj
 0001:000079f0       _jwe_isc3                  100089f0 f   fj90i:jwe_iscf.obj
 0001:00007a80       _jwe_isc4                  10008a80 f   fj90i:jwe_iscf.obj
 0001:00007aa0       _jwe_isc5                  10008aa0 f   fj90i:jwe_iscf.obj
 0001:00007ab0       _jwe_isc6                  10008ab0 f   fj90i:jwe_iscf.obj
 0001:00007ae0       _jwe_isc7                  10008ae0 f   fj90i:jwe_iscf.obj
 0001:00007b10       _jwe_isc8                  10008b10 f   fj90i:jwe_iscf.obj
 0001:00007bb0       _jwe_isc9                  10008bb0 f   fj90i:jwe_iscf.obj
 0001:00007bc0       _jwe_is10                  10008bc0 f   fj90i:jwe_iscf.obj
 0001:00007bd0       _jwe_is11                  10008bd0 f   fj90i:jwe_iscf.obj
 0001:00007be0       _jwe_iser                  10008be0 f   fj90i:jwe_iscf.obj
 0001:00005ea0       _jwe_ifrp                  10006ea0 f   fj90i:jwe_iumv.obj
 0001:00007120       _jwe_ifns                  10008120 f   fj90i:jwe_iumv.obj
 0001:00007190       _jwe_igbf                  10008190 f   fj90i:jwe_iumv.obj
 0001:000073c0       _jwe_ifer                  100083c0 f   fj90i:jwe_iumv.obj
 0001:00005580       _jwe_errproc               10006580 f   fj90i:jwe_iflc.obj
 0001:00004a10       _jwe_error_call            10005a10 f   fj90i:jwe_xdal.obj
 0001:000044e0       _jwe_error_call            100054e0 f   fj90i:jwe_xalc.obj
 0001:00002f30       _jwe_xsch                  10003f30 f   fj90i:jwe_xopt.obj
 0001:00000af0       _jwe_iop0                  10001af0 f   fj90i:jwe_iocf.obj
 0001:00000f40       _jwe_iocl                  10001f40 f   fj90i:jwe_iocf.obj
 0001:00001160       _jwe_iop1                  10002160 f   fj90i:jwe_iocf.obj
 0001:00001a90       _jwe_iop2                  10002a90 f   fj90i:jwe_iocf.obj
 0001:00001c60       _jwe_iop3                  10002c60 f   fj90i:jwe_iocf.obj
 0001:00001cd0       _jwe_iop5                  10002cd0 f   fj90i:jwe_iocf.obj
 0001:00001d80       _jwe_iop4                  10002d80 f   fj90i:jwe_iocf.obj
 0001:00001e30       _jwe_iop6                  10002e30 f   fj90i:jwe_iocf.obj
 0001:00001ec0       _jwe_iop7                  10002ec0 f   fj90i:jwe_iocf.obj
 0001:000020b0       _jwe_iopc                  100030b0 f   fj90i:jwe_iocf.obj
 0001:00002160       _jwe_iopw                  10003160 f   fj90i:jwe_iocf.obj
 0001:000023f0       _jwe_iope                  100033f0 f   fj90i:jwe_iocf.obj
 0001:00002610       _jwe_iop8                  10003610 f   fj90i:jwe_iocf.obj
 0001:0002bc26       _cvtdate                   1002cc26 f   libc:tzset.obj
 0001:0002b517       _xtoa                      1002c517 f   libc:xtoa.obj
 0001:0002b5e9       _x64toa@20                 1002c5e9 f   libc:xtoa.obj
 0001:0002a793       _output                    1002b793 f   libc:cprintf.obj
 0001:0002aec0       _write_char                1002bec0 f   libc:cprintf.obj
 0001:0002aeda       _write_multi_char          1002beda f   libc:cprintf.obj
 0001:0002af06       _write_string              1002bf06 f   libc:cprintf.obj
 0001:0002af39       _get_int_arg               1002bf39 f   libc:cprintf.obj
 0001:0002af46       _get_int64_arg             1002bf46 f   libc:cprintf.obj
 0001:0002af56       _get_short_arg             1002bf56 f   libc:cprintf.obj
 0001:0002a701       __stripquote               1002b701 f   libc:tempnam.obj
 0001:0002a163       _IsRootUNCName             1002b163 f   libc:stat.obj
 0001:00027584       _gu_return                 10028584 f   libc:exsup.obj
 0001:0002758c       __unwind_handler           1002858c f   libc:exsup.obj
 0001:000274ad       _findenv                   100284ad f   libc:setenv.obj
 0001:00027505       _copy_environ              10028505 f   libc:setenv.obj
 0001:000272fb       _strncnt                   100282fb f   libc:a_cmp.obj
 0001:00026c94       _getSystemCP               10027c94 f   libc:mbctype.obj
 0001:00026cde       _CPtoLCID                  10027cde f   libc:mbctype.obj
 0001:00026d11       _setSBCS                   10027d11 f   libc:mbctype.obj
 0001:00026d3a       _setSBUpLow                10027d3a f   libc:mbctype.obj
 0001:0002638d       __cftoe_g                  1002738d f   libc:cvt.obj
 0001:000263b4       __cftof_g                  100273b4 f   libc:cvt.obj
 0001:00026428       __shift                    10027428 f   libc:cvt.obj
 0001:00025e01       _ctrlevent_capture@4       10026e01 f   libc:winsig.obj
 0001:00025f66       _siglookup                 10026f66 f   libc:winsig.obj
 0001:000249b0       LeadUp1                    100259b0 f   libc:memcpy.obj
 0001:000249dc       LeadUp2                    100259dc f   libc:memcpy.obj
 0001:00024a00       LeadUp3                    10025a00 f   libc:memcpy.obj
 0001:00024a7f       UnwindUp0                  10025a7f f   libc:memcpy.obj
 0001:00024a6c       UnwindUp1                  10025a6c f   libc:memcpy.obj
 0001:00024a64       UnwindUp2                  10025a64 f   libc:memcpy.obj
 0001:00024a5c       UnwindUp3                  10025a5c f   libc:memcpy.obj
 0001:00024a54       UnwindUp4                  10025a54 f   libc:memcpy.obj
 0001:00024a4c       UnwindUp5                  10025a4c f   libc:memcpy.obj
 0001:00024a44       UnwindUp6                  10025a44 f   libc:memcpy.obj
 0001:00024a3c       UnwindUp7                  10025a3c f   libc:memcpy.obj
 0001:00024a98       TrailUp0                   10025a98 f   libc:memcpy.obj
 0001:00024aa0       TrailUp1                   10025aa0 f   libc:memcpy.obj
 0001:00024aac       TrailUp2                   10025aac f   libc:memcpy.obj
 0001:00024ac0       TrailUp3                   10025ac0 f   libc:memcpy.obj
 0001:00024b38       LeadDown1                  10025b38 f   libc:memcpy.obj
 0001:00024b58       LeadDown2                  10025b58 f   libc:memcpy.obj
 0001:00024b80       LeadDown3                  10025b80 f   libc:memcpy.obj
 0001:00024bd4       UnwindDown7                10025bd4 f   libc:memcpy.obj
 0001:00024bdc       UnwindDown6                10025bdc f   libc:memcpy.obj
 0001:00024be4       UnwindDown5                10025be4 f   libc:memcpy.obj
 0001:00024bec       UnwindDown4                10025bec f   libc:memcpy.obj
 0001:00024bf4       UnwindDown3                10025bf4 f   libc:memcpy.obj
 0001:00024bfc       UnwindDown2                10025bfc f   libc:memcpy.obj
 0001:00024c04       UnwindDown1                10025c04 f   libc:memcpy.obj
 0001:00024c17       UnwindDown0                10025c17 f   libc:memcpy.obj
 0001:00024c30       TrailDown0                 10025c30 f   libc:memcpy.obj
 0001:00024c38       TrailDown1                 10025c38 f   libc:memcpy.obj
 0001:00024c48       TrailDown2                 10025c48 f   libc:memcpy.obj
 0001:00024c5c       TrailDown3                 10025c5c f   libc:memcpy.obj
 0001:000245be       _strncnt                   100255be f   libc:a_map.obj
 0001:000242d1       _write_char                100252d1 f   libc:output.obj
 0001:00024306       _write_multi_char          10025306 f   libc:output.obj
 0001:00024337       _write_string              10025337 f   libc:output.obj
 0001:0002436f       _get_int_arg               1002536f f   libc:output.obj
 0001:0002437c       _get_int64_arg             1002537c f   libc:output.obj
 0001:0002438c       _get_short_arg             1002538c f   libc:output.obj
 0001:00023af5       _xcptlookup                10024af5 f   libc:winxfltr.obj
 0001:0002326c       _parse_cmdline             1002426c f   libc:stdargv.obj
 0001:00022601       _flsall                    10023601 f   libc:fflush.obj
 0001:00021fd5       _doexit                    10022fd5 f   libc:crt0dat.obj
 0001:0002206e       __initterm                 1002306e f   libc:crt0dat.obj
 0001:00021ae0       LeadUp1                    10022ae0 f   libc:memmove.obj
 0001:00021b0c       LeadUp2                    10022b0c f   libc:memmove.obj
 0001:00021b30       LeadUp3                    10022b30 f   libc:memmove.obj
 0001:00021baf       UnwindUp0                  10022baf f   libc:memmove.obj
 0001:00021b9c       UnwindUp1                  10022b9c f   libc:memmove.obj
 0001:00021b94       UnwindUp2                  10022b94 f   libc:memmove.obj
 0001:00021b8c       UnwindUp3                  10022b8c f   libc:memmove.obj
 0001:00021b84       UnwindUp4                  10022b84 f   libc:memmove.obj
 0001:00021b7c       UnwindUp5                  10022b7c f   libc:memmove.obj
 0001:00021b74       UnwindUp6                  10022b74 f   libc:memmove.obj
 0001:00021b6c       UnwindUp7                  10022b6c f   libc:memmove.obj
 0001:00021bc8       TrailUp0                   10022bc8 f   libc:memmove.obj
 0001:00021bd0       TrailUp1                   10022bd0 f   libc:memmove.obj
 0001:00021bdc       TrailUp2                   10022bdc f   libc:memmove.obj
 0001:00021bf0       TrailUp3                   10022bf0 f   libc:memmove.obj
 0001:00021c68       LeadDown1                  10022c68 f   libc:memmove.obj
 0001:00021c88       LeadDown2                  10022c88 f   libc:memmove.obj
 0001:00021cb0       LeadDown3                  10022cb0 f   libc:memmove.obj
 0001:00021d04       UnwindDown7                10022d04 f   libc:memmove.obj
 0001:00021d0c       UnwindDown6                10022d0c f   libc:memmove.obj
 0001:00021d14       UnwindDown5                10022d14 f   libc:memmove.obj
 0001:00021d1c       UnwindDown4                10022d1c f   libc:memmove.obj
 0001:00021d24       UnwindDown3                10022d24 f   libc:memmove.obj
 0001:00021d2c       UnwindDown2                10022d2c f   libc:memmove.obj
 0001:00021d34       UnwindDown1                10022d34 f   libc:memmove.obj
 0001:00021d47       UnwindDown0                10022d47 f   libc:memmove.obj
 0001:00021d60       TrailDown0                 10022d60 f   libc:memmove.obj
 0001:00021d68       TrailDown1                 10022d68 f   libc:memmove.obj
 0001:00021d78       TrailDown2                 10022d78 f   libc:memmove.obj
 0001:00021d8c       TrailDown3                 10022d8c f   libc:memmove.obj
 0001:00021575       __abstract_cw              10022575 f   libc:ieee87.obj
 0001:00021607       __hw_cw                    10022607 f   libc:ieee87.obj
 0001:00021690       __abstract_sw              10022690 f   libc:ieee87.obj
